2026-03-30T23:04:31.268168+00:00 vboxuser-VirtualBox kernel: Linux version 6.17.0-19-generic (buildd@lcy02-amd64-019) (x86_64-linux-gnu-gcc-13 (Ubuntu 13.3.0-6ubuntu2~24.04.1) 13.3.0, GNU ld (GNU Binutils for Ubuntu) 2.42) #19~24.04.2-Ubuntu SMP PREEMPT_DYNAMIC Fri Mar  6 23:08:46 UTC 2 (Ubuntu 6.17.0-19.19~24.04.2-generic 6.17.13)
2026-03-30T23:04:31.279152+00:00 vboxuser-VirtualBox kernel: Command line: BOOT_IMAGE=/boot/vmlinuz-6.17.0-19-generic root=UUID=c33166ca-5c40-43d2-967f-5bef9fd4a044 ro quiet splash
2026-03-30T23:04:31.279155+00:00 vboxuser-VirtualBox kernel: KERNEL supported cpus:
2026-03-30T23:04:31.279156+00:00 vboxuser-VirtualBox kernel:   Intel GenuineIntel
2026-03-30T23:04:31.279156+00:00 vboxuser-VirtualBox kernel:   AMD AuthenticAMD
2026-03-30T23:04:31.279156+00:00 vboxuser-VirtualBox kernel:   Hygon HygonGenuine
2026-03-30T23:04:31.279161+00:00 vboxuser-VirtualBox kernel:   Centaur CentaurHauls
2026-03-30T23:04:31.279161+00:00 vboxuser-VirtualBox kernel:   zhaoxin   Shanghai  
2026-03-30T23:04:31.279161+00:00 vboxuser-VirtualBox kernel: BIOS-provided physical RAM map:
2026-03-30T23:04:31.279162+00:00 vboxuser-VirtualBox kernel: BIOS-e820: [mem 0x0000000000000000-0x000000000009fbff] usable
2026-03-30T23:04:31.279162+00:00 vboxuser-VirtualBox kernel: BIOS-e820: [mem 0x000000000009fc00-0x000000000009ffff] reserved
2026-03-30T23:04:31.279162+00:00 vboxuser-VirtualBox kernel: BIOS-e820: [mem 0x00000000000f0000-0x00000000000fffff] reserved
2026-03-30T23:04:31.279163+00:00 vboxuser-VirtualBox kernel: BIOS-e820: [mem 0x0000000000100000-0x00000000dffeffff] usable
2026-03-30T23:04:31.279164+00:00 vboxuser-VirtualBox kernel: BIOS-e820: [mem 0x00000000dfff0000-0x00000000dfffffff] ACPI data
2026-03-30T23:04:31.279164+00:00 vboxuser-VirtualBox kernel: BIOS-e820: [mem 0x00000000fec00000-0x00000000fec00fff] reserved
2026-03-30T23:04:31.279164+00:00 vboxuser-VirtualBox kernel: BIOS-e820: [mem 0x00000000fee00000-0x00000000fee00fff] reserved
2026-03-30T23:04:31.279165+00:00 vboxuser-VirtualBox kernel: BIOS-e820: [mem 0x00000000fffc0000-0x00000000ffffffff] reserved
2026-03-30T23:04:31.279165+00:00 vboxuser-VirtualBox kernel: BIOS-e820: [mem 0x0000000100000000-0x0000000407ffffff] usable
2026-03-30T23:04:31.279165+00:00 vboxuser-VirtualBox kernel: NX (Execute Disable) protection: active
2026-03-30T23:04:31.279166+00:00 vboxuser-VirtualBox kernel: APIC: Static calls initialized
2026-03-30T23:04:31.279167+00:00 vboxuser-VirtualBox kernel: SMBIOS 2.5 present.
2026-03-30T23:04:31.279167+00:00 vboxuser-VirtualBox kernel: DMI: innotek GmbH VirtualBox/VirtualBox, BIOS VirtualBox 12/01/2006
2026-03-30T23:04:31.279167+00:00 vboxuser-VirtualBox kernel: DMI: Memory slots populated: 0/0
2026-03-30T23:04:31.279167+00:00 vboxuser-VirtualBox kernel: Hypervisor detected: KVM
2026-03-30T23:04:31.279167+00:00 vboxuser-VirtualBox kernel: last_pfn = 0xe0000 max_arch_pfn = 0x400000000
2026-03-30T23:04:31.279168+00:00 vboxuser-VirtualBox kernel: kvm-clock: Using msrs 4b564d01 and 4b564d00
2026-03-30T23:04:31.279169+00:00 vboxuser-VirtualBox kernel: kvm-clock: using sched offset of 784543412374 cycles
2026-03-30T23:04:31.279169+00:00 vboxuser-VirtualBox kernel: clocksource: kvm-clock: mask: 0xffffffffffffffff max_cycles: 0x1cd42e4dffb, max_idle_ns: 881590591483 ns
2026-03-30T23:04:31.279169+00:00 vboxuser-VirtualBox kernel: tsc: Detected 2611.198 MHz processor
2026-03-30T23:04:31.279169+00:00 vboxuser-VirtualBox kernel: e820: update [mem 0x00000000-0x00000fff] usable ==> reserved
2026-03-30T23:04:31.279170+00:00 vboxuser-VirtualBox kernel: e820: remove [mem 0x000a0000-0x000fffff] usable
2026-03-30T23:04:31.279170+00:00 vboxuser-VirtualBox kernel: last_pfn = 0x408000 max_arch_pfn = 0x400000000
2026-03-30T23:04:31.279171+00:00 vboxuser-VirtualBox kernel: MTRR map: 3 entries (3 fixed + 0 variable; max 19), built from 8 variable MTRRs
2026-03-30T23:04:31.279171+00:00 vboxuser-VirtualBox kernel: x86/PAT: Configuration [0-7]: WB  WC  UC- UC  WB  WP  UC- WT  
2026-03-30T23:04:31.279171+00:00 vboxuser-VirtualBox kernel: CPU MTRRs all blank - virtualized system.
2026-03-30T23:04:31.279172+00:00 vboxuser-VirtualBox kernel: last_pfn = 0xe0000 max_arch_pfn = 0x400000000
2026-03-30T23:04:31.279172+00:00 vboxuser-VirtualBox kernel: found SMP MP-table at [mem 0x0009fbf0-0x0009fbff]
2026-03-30T23:04:31.279172+00:00 vboxuser-VirtualBox kernel: RAMDISK: [mem 0x2eaff000-0x33576fff]
2026-03-30T23:04:31.279173+00:00 vboxuser-VirtualBox kernel: ACPI: Early table checksum verification disabled
2026-03-30T23:04:31.279173+00:00 vboxuser-VirtualBox kernel: ACPI: RSDP 0x00000000000E0000 000024 (v02 VBOX  )
2026-03-30T23:04:31.279174+00:00 vboxuser-VirtualBox kernel: ACPI: XSDT 0x00000000DFFF0030 00003C (v01 VBOX   VBOXXSDT 00000001 ASL  00000061)
2026-03-30T23:04:31.279174+00:00 vboxuser-VirtualBox kernel: ACPI: FACP 0x00000000DFFF00F0 0000F4 (v04 VBOX   VBOXFACP 00000001 ASL  00000061)
2026-03-30T23:04:31.279174+00:00 vboxuser-VirtualBox kernel: ACPI: DSDT 0x00000000DFFF0640 002353 (v02 VBOX   VBOXBIOS 00000002 INTL 20100528)
2026-03-30T23:04:31.279174+00:00 vboxuser-VirtualBox kernel: ACPI: FACS 0x00000000DFFF0200 000040
2026-03-30T23:04:31.279174+00:00 vboxuser-VirtualBox kernel: ACPI: FACS 0x00000000DFFF0200 000040
2026-03-30T23:04:31.279177+00:00 vboxuser-VirtualBox kernel: ACPI: APIC 0x00000000DFFF0240 00008C (v02 VBOX   VBOXAPIC 00000001 ASL  00000061)
2026-03-30T23:04:31.279177+00:00 vboxuser-VirtualBox kernel: ACPI: SSDT 0x00000000DFFF02D0 00036C (v01 VBOX   VBOXCPUT 00000002 INTL 20100528)
2026-03-30T23:04:31.279177+00:00 vboxuser-VirtualBox kernel: ACPI: Reserving FACP table memory at [mem 0xdfff00f0-0xdfff01e3]
2026-03-30T23:04:31.279178+00:00 vboxuser-VirtualBox kernel: ACPI: Reserving DSDT table memory at [mem 0xdfff0640-0xdfff2992]
2026-03-30T23:04:31.279178+00:00 vboxuser-VirtualBox kernel: ACPI: Reserving FACS table memory at [mem 0xdfff0200-0xdfff023f]
2026-03-30T23:04:31.279178+00:00 vboxuser-VirtualBox kernel: ACPI: Reserving FACS table memory at [mem 0xdfff0200-0xdfff023f]
2026-03-30T23:04:31.279179+00:00 vboxuser-VirtualBox kernel: ACPI: Reserving APIC table memory at [mem 0xdfff0240-0xdfff02cb]
2026-03-30T23:04:31.279180+00:00 vboxuser-VirtualBox kernel: ACPI: Reserving SSDT table memory at [mem 0xdfff02d0-0xdfff063b]
2026-03-30T23:04:31.279180+00:00 vboxuser-VirtualBox kernel: No NUMA configuration found
2026-03-30T23:04:31.279180+00:00 vboxuser-VirtualBox kernel: Faking a node at [mem 0x0000000000000000-0x0000000407ffffff]
2026-03-30T23:04:31.279180+00:00 vboxuser-VirtualBox kernel: NODE_DATA(0) allocated [mem 0x407fca2c0-0x407ff4fff]
2026-03-30T23:04:31.279180+00:00 vboxuser-VirtualBox kernel: Zone ranges:
2026-03-30T23:04:31.279181+00:00 vboxuser-VirtualBox kernel:   DMA      [mem 0x0000000000001000-0x0000000000ffffff]
2026-03-30T23:04:31.279182+00:00 vboxuser-VirtualBox kernel:   DMA32    [mem 0x0000000001000000-0x00000000ffffffff]
2026-03-30T23:04:31.279182+00:00 vboxuser-VirtualBox kernel:   Normal   [mem 0x0000000100000000-0x0000000407ffffff]
2026-03-30T23:04:31.279182+00:00 vboxuser-VirtualBox kernel:   Device   empty
2026-03-30T23:04:31.279182+00:00 vboxuser-VirtualBox kernel: Movable zone start for each node
2026-03-30T23:04:31.279183+00:00 vboxuser-VirtualBox kernel: Early memory node ranges
2026-03-30T23:04:31.279184+00:00 vboxuser-VirtualBox kernel:   node   0: [mem 0x0000000000001000-0x000000000009efff]
2026-03-30T23:04:31.279184+00:00 vboxuser-VirtualBox kernel:   node   0: [mem 0x0000000000100000-0x00000000dffeffff]
2026-03-30T23:04:31.279184+00:00 vboxuser-VirtualBox kernel:   node   0: [mem 0x0000000100000000-0x0000000407ffffff]
2026-03-30T23:04:31.279184+00:00 vboxuser-VirtualBox kernel: Initmem setup node 0 [mem 0x0000000000001000-0x0000000407ffffff]
2026-03-30T23:04:31.279185+00:00 vboxuser-VirtualBox kernel: On node 0, zone DMA: 1 pages in unavailable ranges
2026-03-30T23:04:31.279185+00:00 vboxuser-VirtualBox kernel: On node 0, zone DMA: 97 pages in unavailable ranges
2026-03-30T23:04:31.279185+00:00 vboxuser-VirtualBox kernel: On node 0, zone Normal: 16 pages in unavailable ranges
2026-03-30T23:04:31.279187+00:00 vboxuser-VirtualBox kernel: ACPI: PM-Timer IO Port: 0x4008
2026-03-30T23:04:31.279187+00:00 vboxuser-VirtualBox kernel: IOAPIC[0]: apic_id 8, version 32, address 0xfec00000, GSI 0-23
2026-03-30T23:04:31.279187+00:00 vboxuser-VirtualBox kernel: ACPI: INT_SRC_OVR (bus 0 bus_irq 0 global_irq 2 dfl dfl)
2026-03-30T23:04:31.279187+00:00 vboxuser-VirtualBox kernel: ACPI: INT_SRC_OVR (bus 0 bus_irq 9 global_irq 9 low level)
2026-03-30T23:04:31.279188+00:00 vboxuser-VirtualBox kernel: ACPI: Using ACPI (MADT) for SMP configuration information
2026-03-30T23:04:31.279188+00:00 vboxuser-VirtualBox kernel: CPU topo: Max. logical packages:   1
2026-03-30T23:04:31.279189+00:00 vboxuser-VirtualBox kernel: CPU topo: Max. logical dies:       1
2026-03-30T23:04:31.279189+00:00 vboxuser-VirtualBox kernel: CPU topo: Max. dies per package:   1
2026-03-30T23:04:31.279189+00:00 vboxuser-VirtualBox kernel: CPU topo: Max. threads per core:   1
2026-03-30T23:04:31.279189+00:00 vboxuser-VirtualBox kernel: CPU topo: Num. cores per package:     8
2026-03-30T23:04:31.279190+00:00 vboxuser-VirtualBox kernel: CPU topo: Num. threads per package:   8
2026-03-30T23:04:31.279190+00:00 vboxuser-VirtualBox kernel: CPU topo: Allowing 8 present CPUs plus 0 hotplug CPUs
2026-03-30T23:04:31.279190+00:00 vboxuser-VirtualBox kernel: PM: hibernation: Registered nosave memory: [mem 0x00000000-0x00000fff]
2026-03-30T23:04:31.279191+00:00 vboxuser-VirtualBox kernel: PM: hibernation: Registered nosave memory: [mem 0x0009f000-0x000fffff]
2026-03-30T23:04:31.279191+00:00 vboxuser-VirtualBox kernel: PM: hibernation: Registered nosave memory: [mem 0xdfff0000-0xffffffff]
2026-03-30T23:04:31.279192+00:00 vboxuser-VirtualBox kernel: [mem 0xe0000000-0xfebfffff] available for PCI devices
2026-03-30T23:04:31.279192+00:00 vboxuser-VirtualBox kernel: Booting paravirtualized kernel on KVM
2026-03-30T23:04:31.279192+00:00 vboxuser-VirtualBox kernel: clocksource: refined-jiffies: mask: 0xffffffff max_cycles: 0xffffffff, max_idle_ns: 1910969940391419 ns
2026-03-30T23:04:31.279192+00:00 vboxuser-VirtualBox kernel: setup_percpu: NR_CPUS:8192 nr_cpumask_bits:8 nr_cpu_ids:8 nr_node_ids:1
2026-03-30T23:04:31.279193+00:00 vboxuser-VirtualBox kernel: percpu: Embedded 84 pages/cpu s221184 r8192 d114688 u524288
2026-03-30T23:04:31.279194+00:00 vboxuser-VirtualBox kernel: pcpu-alloc: s221184 r8192 d114688 u524288 alloc=1*2097152
2026-03-30T23:04:31.279194+00:00 vboxuser-VirtualBox kernel: pcpu-alloc: [0] 0 1 2 3 [0] 4 5 6 7 
2026-03-30T23:04:31.279194+00:00 vboxuser-VirtualBox kernel: kvm-guest: PV spinlocks enabled
2026-03-30T23:04:31.279194+00:00 vboxuser-VirtualBox kernel: PV qspinlock hash table entries: 256 (order: 0, 4096 bytes, linear)
2026-03-30T23:04:31.279195+00:00 vboxuser-VirtualBox kernel: Kernel command line: BOOT_IMAGE=/boot/vmlinuz-6.17.0-19-generic root=UUID=c33166ca-5c40-43d2-967f-5bef9fd4a044 ro quiet splash
2026-03-30T23:04:31.279196+00:00 vboxuser-VirtualBox kernel: Unknown kernel command line parameters "splash", will be passed to user space.
2026-03-30T23:04:31.279196+00:00 vboxuser-VirtualBox kernel: random: crng init done
2026-03-30T23:04:31.279196+00:00 vboxuser-VirtualBox kernel: printk: log buffer data + meta data: 262144 + 917504 = 1179648 bytes
2026-03-30T23:04:31.279197+00:00 vboxuser-VirtualBox kernel: Dentry cache hash table entries: 2097152 (order: 12, 16777216 bytes, linear)
2026-03-30T23:04:31.279197+00:00 vboxuser-VirtualBox kernel: Inode-cache hash table entries: 1048576 (order: 11, 8388608 bytes, linear)
2026-03-30T23:04:31.279197+00:00 vboxuser-VirtualBox kernel: software IO TLB: area num 8.
2026-03-30T23:04:31.279198+00:00 vboxuser-VirtualBox kernel: Fallback order for Node 0: 0 
2026-03-30T23:04:31.279198+00:00 vboxuser-VirtualBox kernel: Built 1 zonelists, mobility grouping on.  Total pages: 4095886
2026-03-30T23:04:31.279198+00:00 vboxuser-VirtualBox kernel: Policy zone: Normal
2026-03-30T23:04:31.279199+00:00 vboxuser-VirtualBox kernel: mem auto-init: stack:all(zero), heap alloc:on, heap free:off
2026-03-30T23:04:31.279199+00:00 vboxuser-VirtualBox kernel: SLUB: HWalign=64, Order=0-3, MinObjects=0, CPUs=8, Nodes=1
2026-03-30T23:04:31.279199+00:00 vboxuser-VirtualBox kernel: ftrace: allocating 61402 entries in 240 pages
2026-03-30T23:04:31.279199+00:00 vboxuser-VirtualBox kernel: ftrace: allocated 240 pages with 4 groups
2026-03-30T23:04:31.279200+00:00 vboxuser-VirtualBox kernel: Dynamic Preempt: voluntary
2026-03-30T23:04:31.279201+00:00 vboxuser-VirtualBox kernel: rcu: Preemptible hierarchical RCU implementation.
2026-03-30T23:04:31.279201+00:00 vboxuser-VirtualBox kernel: rcu: 	RCU restricting CPUs from NR_CPUS=8192 to nr_cpu_ids=8.
2026-03-30T23:04:31.279227+00:00 vboxuser-VirtualBox kernel: 	Trampoline variant of Tasks RCU enabled.
2026-03-30T23:04:31.279228+00:00 vboxuser-VirtualBox kernel: 	Rude variant of Tasks RCU enabled.
2026-03-30T23:04:31.279228+00:00 vboxuser-VirtualBox kernel: 	Tracing variant of Tasks RCU enabled.
2026-03-30T23:04:31.279229+00:00 vboxuser-VirtualBox kernel: rcu: RCU calculated value of scheduler-enlistment delay is 100 jiffies.
2026-03-30T23:04:31.279229+00:00 vboxuser-VirtualBox kernel: rcu: Adjusting geometry for rcu_fanout_leaf=16, nr_cpu_ids=8
2026-03-30T23:04:31.279229+00:00 vboxuser-VirtualBox kernel: RCU Tasks: Setting shift to 3 and lim to 1 rcu_task_cb_adjust=1 rcu_task_cpu_ids=8.
2026-03-30T23:04:31.279230+00:00 vboxuser-VirtualBox kernel: RCU Tasks Rude: Setting shift to 3 and lim to 1 rcu_task_cb_adjust=1 rcu_task_cpu_ids=8.
2026-03-30T23:04:31.279230+00:00 vboxuser-VirtualBox kernel: RCU Tasks Trace: Setting shift to 3 and lim to 1 rcu_task_cb_adjust=1 rcu_task_cpu_ids=8.
2026-03-30T23:04:31.279230+00:00 vboxuser-VirtualBox kernel: NR_IRQS: 524544, nr_irqs: 488, preallocated irqs: 16
2026-03-30T23:04:31.279230+00:00 vboxuser-VirtualBox kernel: rcu: srcu_init: Setting srcu_struct sizes based on contention.
2026-03-30T23:04:31.279231+00:00 vboxuser-VirtualBox kernel: Console: colour VGA+ 80x25
2026-03-30T23:04:31.279232+00:00 vboxuser-VirtualBox kernel: printk: legacy console [tty0] enabled
2026-03-30T23:04:31.279232+00:00 vboxuser-VirtualBox kernel: ACPI: Core revision 20250404
2026-03-30T23:04:31.279232+00:00 vboxuser-VirtualBox kernel: APIC: Switch to symmetric I/O mode setup
2026-03-30T23:04:31.279232+00:00 vboxuser-VirtualBox kernel: ..TIMER: vector=0x30 apic1=0 pin1=2 apic2=-1 pin2=-1
2026-03-30T23:04:31.279232+00:00 vboxuser-VirtualBox kernel: clocksource: tsc-early: mask: 0xffffffffffffffff max_cycles: 0x25a38e665e8, max_idle_ns: 440795247960 ns
2026-03-30T23:04:31.279234+00:00 vboxuser-VirtualBox kernel: Calibrating delay loop (skipped) preset value.. 5222.39 BogoMIPS (lpj=2611198)
2026-03-30T23:04:31.279234+00:00 vboxuser-VirtualBox kernel: Last level iTLB entries: 4KB 0, 2MB 0, 4MB 0
2026-03-30T23:04:31.279234+00:00 vboxuser-VirtualBox kernel: Last level dTLB entries: 4KB 0, 2MB 0, 4MB 0, 1GB 0
2026-03-30T23:04:31.279234+00:00 vboxuser-VirtualBox kernel: mitigations: Enabled attack vectors: user_kernel, user_user, guest_host, guest_guest, SMT mitigations: auto
2026-03-30T23:04:31.279234+00:00 vboxuser-VirtualBox kernel: Speculative Store Bypass: Vulnerable
2026-03-30T23:04:31.279235+00:00 vboxuser-VirtualBox kernel: Spectre V2 : Mitigation: Enhanced / Automatic IBRS
2026-03-30T23:04:31.279236+00:00 vboxuser-VirtualBox kernel: RETBleed: Mitigation: Enhanced IBRS
2026-03-30T23:04:31.279236+00:00 vboxuser-VirtualBox kernel: ITS: Mitigation: Aligned branch/return thunks
2026-03-30T23:04:31.279236+00:00 vboxuser-VirtualBox kernel: Register File Data Sampling: Mitigation: Clear Register File
2026-03-30T23:04:31.279236+00:00 vboxuser-VirtualBox kernel: Spectre V1 : Mitigation: usercopy/swapgs barriers and __user pointer sanitization
2026-03-30T23:04:31.279237+00:00 vboxuser-VirtualBox kernel: Spectre V2 : Spectre v2 / PBRSB-eIBRS: Retire a single CALL on VMEXIT
2026-03-30T23:04:31.279237+00:00 vboxuser-VirtualBox kernel: active return thunk: its_return_thunk
2026-03-30T23:04:31.279238+00:00 vboxuser-VirtualBox kernel: Spectre V2 : Spectre BHI mitigation: SW BHB clearing on syscall and VM exit
2026-03-30T23:04:31.279238+00:00 vboxuser-VirtualBox kernel: x86/fpu: Supporting XSAVE feature 0x001: 'x87 floating point registers'
2026-03-30T23:04:31.279238+00:00 vboxuser-VirtualBox kernel: x86/fpu: Supporting XSAVE feature 0x002: 'SSE registers'
2026-03-30T23:04:31.279238+00:00 vboxuser-VirtualBox kernel: x86/fpu: Supporting XSAVE feature 0x004: 'AVX registers'
2026-03-30T23:04:31.279239+00:00 vboxuser-VirtualBox kernel: x86/fpu: xstate_offset[2]:  576, xstate_sizes[2]:  256
2026-03-30T23:04:31.279239+00:00 vboxuser-VirtualBox kernel: x86/fpu: Enabled xstate features 0x7, context size is 832 bytes, using 'standard' format.
2026-03-30T23:04:31.279239+00:00 vboxuser-VirtualBox kernel: Freeing SMP alternatives memory: 52K
2026-03-30T23:04:31.279240+00:00 vboxuser-VirtualBox kernel: pid_max: default: 32768 minimum: 301
2026-03-30T23:04:31.279241+00:00 vboxuser-VirtualBox kernel: LSM: initializing lsm=lockdown,capability,landlock,yama,apparmor,ima,evm
2026-03-30T23:04:31.279241+00:00 vboxuser-VirtualBox kernel: landlock: Up and running.
2026-03-30T23:04:31.279241+00:00 vboxuser-VirtualBox kernel: Yama: becoming mindful.
2026-03-30T23:04:31.279241+00:00 vboxuser-VirtualBox kernel: AppArmor: AppArmor initialized
2026-03-30T23:04:31.279241+00:00 vboxuser-VirtualBox kernel: Mount-cache hash table entries: 32768 (order: 6, 262144 bytes, linear)
2026-03-30T23:04:31.279243+00:00 vboxuser-VirtualBox kernel: Mountpoint-cache hash table entries: 32768 (order: 6, 262144 bytes, linear)
2026-03-30T23:04:31.279243+00:00 vboxuser-VirtualBox kernel: APIC calibration not consistent with PM-Timer: 97ms instead of 100ms
2026-03-30T23:04:31.279243+00:00 vboxuser-VirtualBox kernel: APIC delta adjusted to PM-Timer: 6250026 (6106746)
2026-03-30T23:04:31.279243+00:00 vboxuser-VirtualBox kernel: smpboot: CPU0: 13th Gen Intel(R) Core(TM) i5-13450HX (family: 0x6, model: 0xb7, stepping: 0x1)
2026-03-30T23:04:31.279243+00:00 vboxuser-VirtualBox kernel: Performance Events: unsupported CPU family 6 model 183 no PMU driver, software events only.
2026-03-30T23:04:31.279244+00:00 vboxuser-VirtualBox kernel: signal: max sigframe size: 1776
2026-03-30T23:04:31.279244+00:00 vboxuser-VirtualBox kernel: rcu: Hierarchical SRCU implementation.
2026-03-30T23:04:31.279245+00:00 vboxuser-VirtualBox kernel: rcu: 	Max phase no-delay instances is 400.
2026-03-30T23:04:31.279245+00:00 vboxuser-VirtualBox kernel: Timer migration: 1 hierarchy levels; 8 children per group; 1 crossnode level
2026-03-30T23:04:31.279245+00:00 vboxuser-VirtualBox kernel: NMI watchdog: Perf NMI watchdog permanently disabled
2026-03-30T23:04:31.279246+00:00 vboxuser-VirtualBox kernel: smp: Bringing up secondary CPUs ...
2026-03-30T23:04:31.279246+00:00 vboxuser-VirtualBox kernel: smpboot: x86: Booting SMP configuration:
2026-03-30T23:04:31.279246+00:00 vboxuser-VirtualBox kernel: .... node  #0, CPUs:      #1 #2 #3 #4 #5 #6 #7
2026-03-30T23:04:31.279247+00:00 vboxuser-VirtualBox kernel: smp: Brought up 1 node, 8 CPUs
2026-03-30T23:04:31.279247+00:00 vboxuser-VirtualBox kernel: smpboot: Total of 8 processors activated (41779.16 BogoMIPS)
2026-03-30T23:04:31.279248+00:00 vboxuser-VirtualBox kernel: Memory: 15887660K/16383544K available (22213K kernel code, 4650K rwdata, 16292K rodata, 5268K init, 4212K bss, 480060K reserved, 0K cma-reserved)
2026-03-30T23:04:31.279248+00:00 vboxuser-VirtualBox kernel: devtmpfs: initialized
2026-03-30T23:04:31.279248+00:00 vboxuser-VirtualBox kernel: x86/mm: Memory block size: 128MB
2026-03-30T23:04:31.279248+00:00 vboxuser-VirtualBox kernel: clocksource: jiffies: mask: 0xffffffff max_cycles: 0xffffffff, max_idle_ns: 1911260446275000 ns
2026-03-30T23:04:31.279249+00:00 vboxuser-VirtualBox kernel: posixtimers hash table entries: 4096 (order: 4, 65536 bytes, linear)
2026-03-30T23:04:31.279249+00:00 vboxuser-VirtualBox kernel: futex hash table entries: 2048 (131072 bytes on 1 NUMA nodes, total 128 KiB, linear).
2026-03-30T23:04:31.279250+00:00 vboxuser-VirtualBox kernel: pinctrl core: initialized pinctrl subsystem
2026-03-30T23:04:31.279250+00:00 vboxuser-VirtualBox kernel: PM: RTC time: 23:04:22, date: 2026-03-30
2026-03-30T23:04:31.279250+00:00 vboxuser-VirtualBox kernel: NET: Registered PF_NETLINK/PF_ROUTE protocol family
2026-03-30T23:04:31.279250+00:00 vboxuser-VirtualBox kernel: DMA: preallocated 2048 KiB GFP_KERNEL pool for atomic allocations
2026-03-30T23:04:31.279251+00:00 vboxuser-VirtualBox kernel: DMA: preallocated 2048 KiB GFP_KERNEL|GFP_DMA pool for atomic allocations
2026-03-30T23:04:31.279252+00:00 vboxuser-VirtualBox kernel: DMA: preallocated 2048 KiB GFP_KERNEL|GFP_DMA32 pool for atomic allocations
2026-03-30T23:04:31.279252+00:00 vboxuser-VirtualBox kernel: audit: initializing netlink subsys (disabled)
2026-03-30T23:04:31.279252+00:00 vboxuser-VirtualBox kernel: audit: type=2000 audit(1774912653.854:1): state=initialized audit_enabled=0 res=1
2026-03-30T23:04:31.279252+00:00 vboxuser-VirtualBox kernel: thermal_sys: Registered thermal governor 'fair_share'
2026-03-30T23:04:31.279252+00:00 vboxuser-VirtualBox kernel: thermal_sys: Registered thermal governor 'bang_bang'
2026-03-30T23:04:31.279253+00:00 vboxuser-VirtualBox kernel: thermal_sys: Registered thermal governor 'step_wise'
2026-03-30T23:04:31.279256+00:00 vboxuser-VirtualBox kernel: thermal_sys: Registered thermal governor 'user_space'
2026-03-30T23:04:31.279256+00:00 vboxuser-VirtualBox kernel: thermal_sys: Registered thermal governor 'power_allocator'
2026-03-30T23:04:31.279256+00:00 vboxuser-VirtualBox kernel: cpuidle: using governor ladder
2026-03-30T23:04:31.279256+00:00 vboxuser-VirtualBox kernel: cpuidle: using governor menu
2026-03-30T23:04:31.279256+00:00 vboxuser-VirtualBox kernel: acpiphp: ACPI Hot Plug PCI Controller Driver version: 0.5
2026-03-30T23:04:31.279257+00:00 vboxuser-VirtualBox kernel: PCI: Using configuration type 1 for base access
2026-03-30T23:04:31.279258+00:00 vboxuser-VirtualBox kernel: mtrr: your CPUs had inconsistent variable MTRR settings
2026-03-30T23:04:31.279258+00:00 vboxuser-VirtualBox kernel: mtrr: probably your BIOS does not setup all CPUs.
2026-03-30T23:04:31.279258+00:00 vboxuser-VirtualBox kernel: mtrr: corrected configuration.
2026-03-30T23:04:31.279258+00:00 vboxuser-VirtualBox kernel: kprobes: kprobe jump-optimization is enabled. All kprobes are optimized if possible.
2026-03-30T23:04:31.279259+00:00 vboxuser-VirtualBox kernel: HugeTLB: registered 2.00 MiB page size, pre-allocated 0 pages
2026-03-30T23:04:31.279259+00:00 vboxuser-VirtualBox kernel: HugeTLB: 28 KiB vmemmap can be freed for a 2.00 MiB page
2026-03-30T23:04:31.279259+00:00 vboxuser-VirtualBox kernel: ACPI: Added _OSI(Module Device)
2026-03-30T23:04:31.279260+00:00 vboxuser-VirtualBox kernel: ACPI: Added _OSI(Processor Device)
2026-03-30T23:04:31.279260+00:00 vboxuser-VirtualBox kernel: ACPI: Added _OSI(Processor Aggregator Device)
2026-03-30T23:04:31.279261+00:00 vboxuser-VirtualBox kernel: ACPI: 2 ACPI AML tables successfully acquired and loaded
2026-03-30T23:04:31.279261+00:00 vboxuser-VirtualBox kernel: ACPI: Interpreter enabled
2026-03-30T23:04:31.279261+00:00 vboxuser-VirtualBox kernel: ACPI: PM: (supports S0 S5)
2026-03-30T23:04:31.279261+00:00 vboxuser-VirtualBox kernel: ACPI: Using IOAPIC for interrupt routing
2026-03-30T23:04:31.279266+00:00 vboxuser-VirtualBox kernel: PCI: Using host bridge windows from ACPI; if necessary, use "pci=nocrs" and report a bug
2026-03-30T23:04:31.279266+00:00 vboxuser-VirtualBox kernel: PCI: Using E820 reservations for host bridge windows
2026-03-30T23:04:31.279266+00:00 vboxuser-VirtualBox kernel: ACPI: Enabled 2 GPEs in block 00 to 07
2026-03-30T23:04:31.279266+00:00 vboxuser-VirtualBox kernel: ACPI: PCI Root Bridge [PCI0] (domain 0000 [bus 00-ff])
2026-03-30T23:04:31.279266+00:00 vboxuser-VirtualBox kernel: acpi PNP0A03:00: _OSC: OS supports [ASPM ClockPM Segments MSI EDR HPX-Type3]
2026-03-30T23:04:31.279267+00:00 vboxuser-VirtualBox kernel: acpi PNP0A03:00: _OSC: not requesting OS control; OS requires [ExtendedConfig ASPM ClockPM MSI]
2026-03-30T23:04:31.279267+00:00 vboxuser-VirtualBox kernel: acpi PNP0A03:00: fail to add MMCONFIG information, can't access extended configuration space under this bridge
2026-03-30T23:04:31.279269+00:00 vboxuser-VirtualBox kernel: PCI host bridge to bus 0000:00
2026-03-30T23:04:31.279269+00:00 vboxuser-VirtualBox kernel: pci_bus 0000:00: root bus resource [io  0x0000-0x0cf7 window]
2026-03-30T23:04:31.279269+00:00 vboxuser-VirtualBox kernel: pci_bus 0000:00: root bus resource [io  0x0d00-0xffff window]
2026-03-30T23:04:31.279269+00:00 vboxuser-VirtualBox kernel: pci_bus 0000:00: root bus resource [mem 0x000a0000-0x000bffff window]
2026-03-30T23:04:31.279270+00:00 vboxuser-VirtualBox kernel: pci_bus 0000:00: root bus resource [mem 0xe0000000-0xfdffffff window]
2026-03-30T23:04:31.279270+00:00 vboxuser-VirtualBox kernel: pci_bus 0000:00: root bus resource [bus 00-ff]
2026-03-30T23:04:31.279271+00:00 vboxuser-VirtualBox kernel: pci 0000:00:00.0: [8086:1237] type 00 class 0x060000 conventional PCI endpoint
2026-03-30T23:04:31.276127+00:00 vboxuser-VirtualBox systemd[1]: Finished systemd-remount-fs.service - Remount Root and Kernel File Systems.
2026-03-30T23:04:31.279295+00:00 vboxuser-VirtualBox kernel: pci 0000:00:01.0: [8086:7000] type 00 class 0x060100 conventional PCI endpoint
2026-03-30T23:04:31.279295+00:00 vboxuser-VirtualBox kernel: pci 0000:00:01.1: [8086:7111] type 00 class 0x01018a conventional PCI endpoint
2026-03-30T23:04:31.279295+00:00 vboxuser-VirtualBox kernel: pci 0000:00:01.1: BAR 4 [io  0xd000-0xd00f]
2026-03-30T23:04:31.279296+00:00 vboxuser-VirtualBox kernel: pci 0000:00:01.1: BAR 0 [io  0x01f0-0x01f7]: legacy IDE quirk
2026-03-30T23:04:31.279296+00:00 vboxuser-VirtualBox kernel: pci 0000:00:01.1: BAR 1 [io  0x03f6]: legacy IDE quirk
2026-03-30T23:04:31.279299+00:00 vboxuser-VirtualBox kernel: pci 0000:00:01.1: BAR 2 [io  0x0170-0x0177]: legacy IDE quirk
2026-03-30T23:04:31.279299+00:00 vboxuser-VirtualBox kernel: pci 0000:00:01.1: BAR 3 [io  0x0376]: legacy IDE quirk
2026-03-30T23:04:31.279299+00:00 vboxuser-VirtualBox kernel: pci 0000:00:02.0: [15ad:0405] type 00 class 0x030000 conventional PCI endpoint
2026-03-30T23:04:31.279300+00:00 vboxuser-VirtualBox kernel: pci 0000:00:02.0: BAR 0 [io  0xd010-0xd01f]
2026-03-30T23:04:31.279300+00:00 vboxuser-VirtualBox kernel: pci 0000:00:02.0: BAR 1 [mem 0xe0000000-0xe0ffffff pref]
2026-03-30T23:04:31.279300+00:00 vboxuser-VirtualBox kernel: pci 0000:00:02.0: BAR 2 [mem 0xf0000000-0xf01fffff]
2026-03-30T23:04:31.279300+00:00 vboxuser-VirtualBox kernel: pci 0000:00:02.0: Video device with shadowed ROM at [mem 0x000c0000-0x000dffff]
2026-03-30T23:04:31.279293+00:00 vboxuser-VirtualBox systemd[1]: Mounted sys-kernel-config.mount - Kernel Configuration File System.
2026-03-30T23:04:31.279302+00:00 vboxuser-VirtualBox kernel: pci 0000:00:03.0: [8086:100e] type 00 class 0x020000 conventional PCI endpoint
2026-03-30T23:04:31.279302+00:00 vboxuser-VirtualBox kernel: pci 0000:00:03.0: BAR 0 [mem 0xf0200000-0xf021ffff]
2026-03-30T23:04:31.279302+00:00 vboxuser-VirtualBox kernel: pci 0000:00:03.0: BAR 2 [io  0xd020-0xd027]
2026-03-30T23:04:31.279303+00:00 vboxuser-VirtualBox kernel: pci 0000:00:04.0: [80ee:cafe] type 00 class 0x088000 conventional PCI endpoint
2026-03-30T23:04:31.279303+00:00 vboxuser-VirtualBox kernel: pci 0000:00:04.0: BAR 0 [io  0xd040-0xd05f]
2026-03-30T23:04:31.279303+00:00 vboxuser-VirtualBox kernel: pci 0000:00:04.0: BAR 1 [mem 0xf0400000-0xf07fffff]
2026-03-30T23:04:31.279303+00:00 vboxuser-VirtualBox systemd-modules-load[342]: Inserted module 'lp'
2026-03-30T23:04:31.279305+00:00 vboxuser-VirtualBox kernel: pci 0000:00:04.0: BAR 2 [mem 0xf0800000-0xf0803fff pref]
2026-03-30T23:04:31.279305+00:00 vboxuser-VirtualBox kernel: pci 0000:00:05.0: [8086:2415] type 00 class 0x040100 conventional PCI endpoint
2026-03-30T23:04:31.279305+00:00 vboxuser-VirtualBox systemd[1]: Activating swap swap.img.swap - /swap.img...
2026-03-30T23:04:31.279305+00:00 vboxuser-VirtualBox kernel: pci 0000:00:05.0: BAR 0 [io  0xd100-0xd1ff]
2026-03-30T23:04:31.279306+00:00 vboxuser-VirtualBox kernel: pci 0000:00:05.0: BAR 1 [io  0xd200-0xd23f]
2026-03-30T23:04:31.279306+00:00 vboxuser-VirtualBox kernel: pci 0000:00:06.0: [106b:003f] type 00 class 0x0c0310 conventional PCI endpoint
2026-03-30T23:04:31.279306+00:00 vboxuser-VirtualBox kernel: pci 0000:00:06.0: BAR 0 [mem 0xf0804000-0xf0804fff]
2026-03-30T23:04:31.279306+00:00 vboxuser-VirtualBox systemd[1]: systemd-hwdb-update.service - Rebuild Hardware Database was skipped because no trigger condition checks were met.
2026-03-30T23:04:31.279308+00:00 vboxuser-VirtualBox kernel: pci 0000:00:07.0: [8086:7113] type 00 class 0x068000 conventional PCI endpoint
2026-03-30T23:04:31.279308+00:00 vboxuser-VirtualBox kernel: pci 0000:00:07.0: quirk: [io  0x4000-0x403f] claimed by PIIX4 ACPI
2026-03-30T23:04:31.279308+00:00 vboxuser-VirtualBox kernel: pci 0000:00:07.0: quirk: [io  0x4100-0x410f] claimed by PIIX4 SMB
2026-03-30T23:04:31.279308+00:00 vboxuser-VirtualBox kernel: pci 0000:00:0b.0: [8086:265c] type 00 class 0x0c0320 conventional PCI endpoint
2026-03-30T23:04:31.279309+00:00 vboxuser-VirtualBox kernel: pci 0000:00:0b.0: BAR 0 [mem 0xf0805000-0xf0805fff]
2026-03-30T23:04:31.279309+00:00 vboxuser-VirtualBox kernel: pci 0000:00:0d.0: [8086:2829] type 00 class 0x010601 conventional PCI endpoint
2026-03-30T23:04:31.279309+00:00 vboxuser-VirtualBox kernel: pci 0000:00:0d.0: BAR 0 [io  0xd240-0xd247]
2026-03-30T23:04:31.279308+00:00 vboxuser-VirtualBox systemd[1]: Starting systemd-journal-flush.service - Flush Journal to Persistent Storage...
2026-03-30T23:04:31.279311+00:00 vboxuser-VirtualBox kernel: pci 0000:00:0d.0: BAR 1 [io  0xd248-0xd24b]
2026-03-30T23:04:31.279310+00:00 vboxuser-VirtualBox systemd[1]: systemd-pstore.service - Platform Persistent Storage Archival was skipped because of an unmet condition check (ConditionDirectoryNotEmpty=/sys/fs/pstore).
2026-03-30T23:04:31.279311+00:00 vboxuser-VirtualBox kernel: pci 0000:00:0d.0: BAR 2 [io  0xd250-0xd257]
2026-03-30T23:04:31.279312+00:00 vboxuser-VirtualBox kernel: pci 0000:00:0d.0: BAR 3 [io  0xd258-0xd25b]
2026-03-30T23:04:31.279312+00:00 vboxuser-VirtualBox kernel: pci 0000:00:0d.0: BAR 4 [io  0xd260-0xd26f]
2026-03-30T23:04:31.279312+00:00 vboxuser-VirtualBox kernel: pci 0000:00:0d.0: BAR 5 [mem 0xf0806000-0xf0807fff]
2026-03-30T23:04:31.279312+00:00 vboxuser-VirtualBox kernel: ACPI: PCI: Interrupt link LNKA configured for IRQ 11
2026-03-30T23:04:31.279314+00:00 vboxuser-VirtualBox kernel: ACPI: PCI: Interrupt link LNKB configured for IRQ 10
2026-03-30T23:04:31.279314+00:00 vboxuser-VirtualBox kernel: ACPI: PCI: Interrupt link LNKC configured for IRQ 9
2026-03-30T23:04:31.279313+00:00 vboxuser-VirtualBox systemd[1]: Starting systemd-random-seed.service - Load/Save OS Random Seed...
2026-03-30T23:04:31.279315+00:00 vboxuser-VirtualBox kernel: ACPI: PCI: Interrupt link LNKD configured for IRQ 11
2026-03-30T23:04:31.279315+00:00 vboxuser-VirtualBox kernel: iommu: Default domain type: Translated
2026-03-30T23:04:31.279315+00:00 vboxuser-VirtualBox kernel: iommu: DMA domain TLB invalidation policy: lazy mode
2026-03-30T23:04:31.279315+00:00 vboxuser-VirtualBox kernel: SCSI subsystem initialized
2026-03-30T23:04:31.279316+00:00 vboxuser-VirtualBox kernel: libata version 3.00 loaded.
2026-03-30T23:04:31.279316+00:00 vboxuser-VirtualBox systemd[1]: systemd-tpm2-setup.service - TPM2 SRK Setup was skipped because of an unmet condition check (ConditionSecurity=measured-uki).
2026-03-30T23:04:31.279317+00:00 vboxuser-VirtualBox kernel: ACPI: bus type USB registered
2026-03-30T23:04:31.279317+00:00 vboxuser-VirtualBox kernel: usbcore: registered new interface driver usbfs
2026-03-30T23:04:31.279317+00:00 vboxuser-VirtualBox systemd[1]: Activated swap swap.img.swap - /swap.img.
2026-03-30T23:04:31.279318+00:00 vboxuser-VirtualBox kernel: usbcore: registered new interface driver hub
2026-03-30T23:04:31.279319+00:00 vboxuser-VirtualBox kernel: usbcore: registered new device driver usb
2026-03-30T23:04:31.279319+00:00 vboxuser-VirtualBox kernel: pps_core: LinuxPPS API ver. 1 registered
2026-03-30T23:04:31.279319+00:00 vboxuser-VirtualBox kernel: pps_core: Software ver. 5.3.6 - Copyright 2005-2007 Rodolfo Giometti <giometti@linux.it>
2026-03-30T23:04:31.279319+00:00 vboxuser-VirtualBox systemd-modules-load[342]: Inserted module 'ppdev'
2026-03-30T23:04:31.279321+00:00 vboxuser-VirtualBox kernel: PTP clock support registered
2026-03-30T23:04:31.279321+00:00 vboxuser-VirtualBox kernel: EDAC MC: Ver: 3.0.0
2026-03-30T23:04:31.279321+00:00 vboxuser-VirtualBox systemd[1]: Reached target swap.target - Swaps.
2026-03-30T23:04:31.279321+00:00 vboxuser-VirtualBox kernel: NetLabel: Initializing
2026-03-30T23:04:31.279322+00:00 vboxuser-VirtualBox kernel: NetLabel:  domain hash size = 128
2026-03-30T23:04:31.279322+00:00 vboxuser-VirtualBox kernel: NetLabel:  protocols = UNLABELED CIPSOv4 CALIPSO
2026-03-30T23:04:31.279322+00:00 vboxuser-VirtualBox kernel: NetLabel:  unlabeled traffic allowed by default
2026-03-30T23:04:31.279322+00:00 vboxuser-VirtualBox systemd[1]: Finished systemd-tmpfiles-setup-dev-early.service - Create Static Device Nodes in /dev gracefully.
2026-03-30T23:04:31.279323+00:00 vboxuser-VirtualBox kernel: mctp: management component transport protocol core
2026-03-30T23:04:31.279324+00:00 vboxuser-VirtualBox kernel: NET: Registered PF_MCTP protocol family
2026-03-30T23:04:31.279324+00:00 vboxuser-VirtualBox kernel: PCI: Using ACPI for IRQ routing
2026-03-30T23:04:31.279324+00:00 vboxuser-VirtualBox kernel: PCI: pci_cache_line_size set to 64 bytes
2026-03-30T23:04:31.279324+00:00 vboxuser-VirtualBox kernel: e820: reserve RAM buffer [mem 0x0009fc00-0x0009ffff]
2026-03-30T23:04:31.279325+00:00 vboxuser-VirtualBox kernel: e820: reserve RAM buffer [mem 0xdfff0000-0xdfffffff]
2026-03-30T23:04:31.279325+00:00 vboxuser-VirtualBox kernel: pci 0000:00:02.0: vgaarb: setting as boot VGA device
2026-03-30T23:04:31.279324+00:00 vboxuser-VirtualBox systemd-modules-load[342]: Inserted module 'parport_pc'
2026-03-30T23:04:31.279327+00:00 vboxuser-VirtualBox kernel: pci 0000:00:02.0: vgaarb: bridge control possible
2026-03-30T23:04:31.279327+00:00 vboxuser-VirtualBox kernel: pci 0000:00:02.0: vgaarb: VGA device added: decodes=io+mem,owns=io+mem,locks=none
2026-03-30T23:04:31.279328+00:00 vboxuser-VirtualBox kernel: vgaarb: loaded
2026-03-30T23:04:31.279327+00:00 vboxuser-VirtualBox systemd[1]: Starting systemd-sysusers.service - Create System Users...
2026-03-30T23:04:31.279328+00:00 vboxuser-VirtualBox kernel: clocksource: Switched to clocksource kvm-clock
2026-03-30T23:04:31.279328+00:00 vboxuser-VirtualBox kernel: VFS: Disk quotas dquot_6.6.0
2026-03-30T23:04:31.279328+00:00 vboxuser-VirtualBox kernel: VFS: Dquot-cache hash table entries: 512 (order 0, 4096 bytes)
2026-03-30T23:04:31.279329+00:00 vboxuser-VirtualBox systemd[1]: Finished systemd-random-seed.service - Load/Save OS Random Seed.
2026-03-30T23:04:31.279330+00:00 vboxuser-VirtualBox kernel: AppArmor: AppArmor Filesystem Enabled
2026-03-30T23:04:31.279330+00:00 vboxuser-VirtualBox kernel: pnp: PnP ACPI init
2026-03-30T23:04:31.279330+00:00 vboxuser-VirtualBox kernel: pnp: PnP ACPI: found 2 devices
2026-03-30T23:04:31.279331+00:00 vboxuser-VirtualBox kernel: clocksource: acpi_pm: mask: 0xffffff max_cycles: 0xffffff, max_idle_ns: 2085701024 ns
2026-03-30T23:04:31.279331+00:00 vboxuser-VirtualBox kernel: NET: Registered PF_INET protocol family
2026-03-30T23:04:31.279330+00:00 vboxuser-VirtualBox systemd[1]: Finished systemd-journal-flush.service - Flush Journal to Persistent Storage.
2026-03-30T23:04:31.279331+00:00 vboxuser-VirtualBox kernel: IP idents hash table entries: 262144 (order: 9, 2097152 bytes, linear)
2026-03-30T23:04:31.279331+00:00 vboxuser-VirtualBox kernel: tcp_listen_portaddr_hash hash table entries: 8192 (order: 5, 131072 bytes, linear)
2026-03-30T23:04:31.279332+00:00 vboxuser-VirtualBox systemd[1]: Finished systemd-udev-trigger.service - Coldplug All udev Devices.
2026-03-30T23:04:31.279333+00:00 vboxuser-VirtualBox kernel: Table-perturb hash table entries: 65536 (order: 6, 262144 bytes, linear)
2026-03-30T23:04:31.279333+00:00 vboxuser-VirtualBox kernel: TCP established hash table entries: 131072 (order: 8, 1048576 bytes, linear)
2026-03-30T23:04:31.279334+00:00 vboxuser-VirtualBox kernel: TCP bind hash table entries: 65536 (order: 9, 2097152 bytes, linear)
2026-03-30T23:04:31.279334+00:00 vboxuser-VirtualBox kernel: TCP: Hash tables configured (established 131072 bind 65536)
2026-03-30T23:04:31.279334+00:00 vboxuser-VirtualBox kernel: MPTCP token hash table entries: 16384 (order: 7, 393216 bytes, linear)
2026-03-30T23:04:31.279334+00:00 vboxuser-VirtualBox systemd-modules-load[342]: Inserted module 'msr'
2026-03-30T23:04:31.279334+00:00 vboxuser-VirtualBox kernel: UDP hash table entries: 8192 (order: 7, 524288 bytes, linear)
2026-03-30T23:04:31.279336+00:00 vboxuser-VirtualBox kernel: UDP-Lite hash table entries: 8192 (order: 7, 524288 bytes, linear)
2026-03-30T23:04:31.279336+00:00 vboxuser-VirtualBox kernel: NET: Registered PF_UNIX/PF_LOCAL protocol family
2026-03-30T23:04:31.279336+00:00 vboxuser-VirtualBox kernel: NET: Registered PF_XDP protocol family
2026-03-30T23:04:31.279337+00:00 vboxuser-VirtualBox kernel: pci_bus 0000:00: resource 4 [io  0x0000-0x0cf7 window]
2026-03-30T23:04:31.279335+00:00 vboxuser-VirtualBox systemd-modules-load[342]: Module 'fuse' is built in
2026-03-30T23:04:31.279337+00:00 vboxuser-VirtualBox kernel: pci_bus 0000:00: resource 5 [io  0x0d00-0xffff window]
2026-03-30T23:04:31.279338+00:00 vboxuser-VirtualBox kernel: pci_bus 0000:00: resource 6 [mem 0x000a0000-0x000bffff window]
2026-03-30T23:04:31.279338+00:00 vboxuser-VirtualBox systemd[1]: Finished keyboard-setup.service - Set the console keyboard layout.
2026-03-30T23:04:31.279339+00:00 vboxuser-VirtualBox kernel: pci_bus 0000:00: resource 7 [mem 0xe0000000-0xfdffffff window]
2026-03-30T23:04:31.279340+00:00 vboxuser-VirtualBox kernel: pci 0000:00:00.0: Limiting direct PCI/PCI transfers
2026-03-30T23:04:31.279340+00:00 vboxuser-VirtualBox kernel: PCI: CLS 0 bytes, default 64
2026-03-30T23:04:31.279340+00:00 vboxuser-VirtualBox kernel: Trying to unpack rootfs image as initramfs...
2026-03-30T23:04:31.279340+00:00 vboxuser-VirtualBox kernel: PCI-DMA: Using software bounce buffering for IO (SWIOTLB)
2026-03-30T23:04:31.279340+00:00 vboxuser-VirtualBox systemd-sysusers[383]: Creating group 'gamemode' with GID 986.
2026-03-30T23:04:31.279341+00:00 vboxuser-VirtualBox kernel: software IO TLB: mapped [mem 0x00000000dbff0000-0x00000000dfff0000] (64MB)
2026-03-30T23:04:31.279341+00:00 vboxuser-VirtualBox kernel: clocksource: tsc: mask: 0xffffffffffffffff max_cycles: 0x25a38e665e8, max_idle_ns: 440795247960 ns
2026-03-30T23:04:31.279343+00:00 vboxuser-VirtualBox kernel: clocksource: Switched to clocksource tsc
2026-03-30T23:04:31.279343+00:00 vboxuser-VirtualBox kernel: platform rtc_cmos: registered platform RTC device (no PNP device found)
2026-03-30T23:04:31.279343+00:00 vboxuser-VirtualBox kernel: Freeing initrd memory: 76256K
2026-03-30T23:04:31.279343+00:00 vboxuser-VirtualBox kernel: Initialise system trusted keyrings
2026-03-30T23:04:31.279344+00:00 vboxuser-VirtualBox kernel: Key type blacklist registered
2026-03-30T23:04:31.279342+00:00 vboxuser-VirtualBox systemd-sysusers[383]: Creating group 'gnome-initial-setup' with GID 985.
2026-03-30T23:04:31.279344+00:00 vboxuser-VirtualBox kernel: workingset: timestamp_bits=36 max_order=22 bucket_order=0
2026-03-30T23:04:31.279345+00:00 vboxuser-VirtualBox systemd[1]: Finished systemd-sysusers.service - Create System Users.
2026-03-30T23:04:31.279346+00:00 vboxuser-VirtualBox kernel: squashfs: version 4.0 (2009/01/31) Phillip Lougher
2026-03-30T23:04:31.279346+00:00 vboxuser-VirtualBox kernel: fuse: init (API version 7.44)
2026-03-30T23:04:31.279346+00:00 vboxuser-VirtualBox kernel: integrity: Platform Keyring initialized
2026-03-30T23:04:31.279346+00:00 vboxuser-VirtualBox kernel: integrity: Machine keyring initialized
2026-03-30T23:04:31.279347+00:00 vboxuser-VirtualBox kernel: Key type asymmetric registered
2026-03-30T23:04:31.279346+00:00 vboxuser-VirtualBox systemd[1]: Starting systemd-tmpfiles-setup-dev.service - Create Static Device Nodes in /dev...
2026-03-30T23:04:31.279347+00:00 vboxuser-VirtualBox kernel: Asymmetric key parser 'x509' registered
2026-03-30T23:04:31.279347+00:00 vboxuser-VirtualBox kernel: Block layer SCSI generic (bsg) driver version 0.4 loaded (major 242)
2026-03-30T23:04:31.279349+00:00 vboxuser-VirtualBox kernel: io scheduler mq-deadline registered
2026-03-30T23:04:31.279348+00:00 vboxuser-VirtualBox systemd[1]: Finished systemd-tmpfiles-setup-dev.service - Create Static Device Nodes in /dev.
2026-03-30T23:04:31.280181+00:00 vboxuser-VirtualBox systemd[1]: Reached target local-fs-pre.target - Preparation for Local File Systems.
2026-03-30T23:04:31.280188+00:00 vboxuser-VirtualBox systemd[1]: Mounting snap-bare-5.mount - Mount unit for bare, revision 5...
2026-03-30T23:04:31.280190+00:00 vboxuser-VirtualBox systemd[1]: Mounting snap-core22-2292.mount - Mount unit for core22, revision 2292...
2026-03-30T23:04:31.280192+00:00 vboxuser-VirtualBox systemd[1]: Mounting snap-firefox-7766.mount - Mount unit for firefox, revision 7766...
2026-03-30T23:04:31.280193+00:00 vboxuser-VirtualBox systemd[1]: Mounting snap-firmware\x2dupdater-210.mount - Mount unit for firmware-updater, revision 210...
2026-03-30T23:04:31.280198+00:00 vboxuser-VirtualBox systemd-modules-load[342]: Inserted module 'vmwgfx'
2026-03-30T23:04:31.280199+00:00 vboxuser-VirtualBox systemd[1]: Mounting snap-gnome\x2d42\x2d2204-247.mount - Mount unit for gnome-42-2204, revision 247...
2026-03-30T23:04:31.280201+00:00 vboxuser-VirtualBox systemd[1]: Mounting snap-gtk\x2dcommon\x2dthemes-1535.mount - Mount unit for gtk-common-themes, revision 1535...
2026-03-30T23:04:31.280202+00:00 vboxuser-VirtualBox systemd[1]: Mounting snap-snap\x2dstore-1270.mount - Mount unit for snap-store, revision 1270...
2026-03-30T23:04:31.280204+00:00 vboxuser-VirtualBox systemd[1]: Mounting snap-snapd-25935.mount - Mount unit for snapd, revision 25935...
2026-03-30T23:04:31.280205+00:00 vboxuser-VirtualBox systemd[1]: Mounting snap-snapd\x2ddesktop\x2dintegration-343.mount - Mount unit for snapd-desktop-integration, revision 343...
2026-03-30T23:04:31.280207+00:00 vboxuser-VirtualBox systemd[1]: Starting systemd-udevd.service - Rule-based Manager for Device Events and Files...
2026-03-30T23:04:31.280209+00:00 vboxuser-VirtualBox systemd[1]: Finished systemd-modules-load.service - Load Kernel Modules.
2026-03-30T23:04:31.280210+00:00 vboxuser-VirtualBox systemd[1]: Mounted snap-bare-5.mount - Mount unit for bare, revision 5.
2026-03-30T23:04:31.280212+00:00 vboxuser-VirtualBox systemd[1]: Mounted snap-firefox-7766.mount - Mount unit for firefox, revision 7766.
2026-03-30T23:04:31.280213+00:00 vboxuser-VirtualBox systemd[1]: Mounted snap-firmware\x2dupdater-210.mount - Mount unit for firmware-updater, revision 210.
2026-03-30T23:04:31.280215+00:00 vboxuser-VirtualBox systemd[1]: Mounted snap-gnome\x2d42\x2d2204-247.mount - Mount unit for gnome-42-2204, revision 247.
2026-03-30T23:04:31.280217+00:00 vboxuser-VirtualBox systemd[1]: Mounted snap-gtk\x2dcommon\x2dthemes-1535.mount - Mount unit for gtk-common-themes, revision 1535.
2026-03-30T23:04:31.280219+00:00 vboxuser-VirtualBox systemd[1]: Mounted snap-snap\x2dstore-1270.mount - Mount unit for snap-store, revision 1270.
2026-03-30T23:04:31.280220+00:00 vboxuser-VirtualBox systemd[1]: Mounted snap-snapd-25935.mount - Mount unit for snapd, revision 25935.
2026-03-30T23:04:31.280221+00:00 vboxuser-VirtualBox systemd[1]: Starting systemd-sysctl.service - Apply Kernel Variables...
2026-03-30T23:04:31.280223+00:00 vboxuser-VirtualBox systemd[1]: Mounted snap-core22-2292.mount - Mount unit for core22, revision 2292.
2026-03-30T23:04:31.280226+00:00 vboxuser-VirtualBox systemd[1]: Mounted snap-snapd\x2ddesktop\x2dintegration-343.mount - Mount unit for snapd-desktop-integration, revision 343.
2026-03-30T23:04:31.280227+00:00 vboxuser-VirtualBox systemd[1]: Reached target snapd.mounts.target - Mounted snaps.
2026-03-30T23:04:31.280228+00:00 vboxuser-VirtualBox systemd[1]: Reached target local-fs.target - Local File Systems.
2026-03-30T23:04:31.280230+00:00 vboxuser-VirtualBox systemd[1]: Listening on systemd-sysext.socket - System Extension Image Management (Varlink).
2026-03-30T23:04:31.280231+00:00 vboxuser-VirtualBox systemd[1]: Starting console-setup.service - Set console font and keymap...
2026-03-30T23:04:31.280232+00:00 vboxuser-VirtualBox systemd[1]: Starting ldconfig.service - Rebuild Dynamic Linker Cache...
2026-03-30T23:04:31.280235+00:00 vboxuser-VirtualBox systemd[1]: Starting plymouth-read-write.service - Tell Plymouth To Write Out Runtime Data...
2026-03-30T23:04:31.280236+00:00 vboxuser-VirtualBox systemd[1]: Starting systemd-binfmt.service - Set Up Additional Binary Formats...
2026-03-30T23:04:31.280237+00:00 vboxuser-VirtualBox systemd[1]: Starting systemd-tmpfiles-setup.service - Create Volatile Files and Directories...
2026-03-30T23:04:31.280238+00:00 vboxuser-VirtualBox systemd[1]: Starting ufw.service - Uncomplicated firewall...
2026-03-30T23:04:31.280240+00:00 vboxuser-VirtualBox systemd[1]: proc-sys-fs-binfmt_misc.automount: Got automount request for /proc/sys/fs/binfmt_misc, triggered by 424 (systemd-binfmt)
2026-03-30T23:04:31.280242+00:00 vboxuser-VirtualBox systemd[1]: Received SIGRTMIN+20 from PID 255 (plymouthd).
2026-03-30T23:04:31.280243+00:00 vboxuser-VirtualBox systemd-udevd[408]: Using default interface naming scheme 'v255'.
2026-03-30T23:04:31.280245+00:00 vboxuser-VirtualBox systemd[1]: Finished console-setup.service - Set console font and keymap.
2026-03-30T23:04:31.280247+00:00 vboxuser-VirtualBox systemd[1]: Finished plymouth-read-write.service - Tell Plymouth To Write Out Runtime Data.
2026-03-30T23:04:31.280248+00:00 vboxuser-VirtualBox systemd[1]: Finished ufw.service - Uncomplicated firewall.
2026-03-30T23:04:31.280249+00:00 vboxuser-VirtualBox systemd[1]: Finished systemd-sysctl.service - Apply Kernel Variables.
2026-03-30T23:04:31.280251+00:00 vboxuser-VirtualBox systemd[1]: Finished systemd-tmpfiles-setup.service - Create Volatile Files and Directories.
2026-03-30T23:04:31.280253+00:00 vboxuser-VirtualBox systemd[1]: Starting apparmor.service - Load AppArmor profiles...
2026-03-30T23:04:31.280254+00:00 vboxuser-VirtualBox systemd[1]: systemd-firstboot.service - First Boot Wizard was skipped because of an unmet condition check (ConditionFirstBoot=yes).
2026-03-30T23:04:31.280256+00:00 vboxuser-VirtualBox systemd[1]: first-boot-complete.target - First Boot Complete was skipped because of an unmet condition check (ConditionFirstBoot=yes).
2026-03-30T23:04:31.280257+00:00 vboxuser-VirtualBox systemd[1]: Starting systemd-journal-catalog-update.service - Rebuild Journal Catalog...
2026-03-30T23:04:31.280258+00:00 vboxuser-VirtualBox systemd[1]: systemd-machine-id-commit.service - Commit a transient machine-id on disk was skipped because of an unmet condition check (ConditionPathIsMountPoint=/etc/machine-id).
2026-03-30T23:04:31.280261+00:00 vboxuser-VirtualBox systemd[1]: Starting systemd-oomd.service - Userspace Out-Of-Memory (OOM) Killer...
2026-03-30T23:04:31.280262+00:00 vboxuser-VirtualBox systemd[1]: Starting systemd-resolved.service - Network Name Resolution...
2026-03-30T23:04:31.280264+00:00 vboxuser-VirtualBox systemd[1]: Starting systemd-timesyncd.service - Network Time Synchronization...
2026-03-30T23:04:31.280265+00:00 vboxuser-VirtualBox systemd[1]: Starting systemd-update-utmp.service - Record System Boot/Shutdown in UTMP...
2026-03-30T23:04:31.280266+00:00 vboxuser-VirtualBox systemd[1]: Finished ldconfig.service - Rebuild Dynamic Linker Cache.
2026-03-30T23:04:31.280267+00:00 vboxuser-VirtualBox apparmor.systemd[436]: Restarting AppArmor
2026-03-30T23:04:31.280270+00:00 vboxuser-VirtualBox systemd[1]: Finished systemd-update-utmp.service - Record System Boot/Shutdown in UTMP.
2026-03-30T23:04:31.280271+00:00 vboxuser-VirtualBox apparmor.systemd[436]: Reloading AppArmor profiles
2026-03-30T23:04:31.280274+00:00 vboxuser-VirtualBox systemd[1]: Finished systemd-journal-catalog-update.service - Rebuild Journal Catalog.
2026-03-30T23:04:31.280275+00:00 vboxuser-VirtualBox systemd[1]: Starting systemd-update-done.service - Update is Completed...
2026-03-30T23:04:31.280277+00:00 vboxuser-VirtualBox systemd[1]: Finished systemd-update-done.service - Update is Completed.
2026-03-30T23:04:31.280278+00:00 vboxuser-VirtualBox systemd[1]: Started systemd-udevd.service - Rule-based Manager for Device Events and Files.
2026-03-30T23:04:31.280281+00:00 vboxuser-VirtualBox systemd[1]: Starting plymouth-start.service - Show Plymouth Boot Screen...
2026-03-30T23:04:31.280282+00:00 vboxuser-VirtualBox systemd[1]: Started plymouth-start.service - Show Plymouth Boot Screen.
2026-03-30T23:04:31.280283+00:00 vboxuser-VirtualBox systemd[1]: systemd-ask-password-console.path - Dispatch Password Requests to Console Directory Watch was skipped because of an unmet condition check (ConditionPathExists=!/run/plymouth/pid).
2026-03-30T23:04:31.280285+00:00 vboxuser-VirtualBox systemd[1]: Started systemd-ask-password-plymouth.path - Forward Password Requests to Plymouth Directory Watch.
2026-03-30T23:04:31.280286+00:00 vboxuser-VirtualBox systemd[1]: Reached target cryptsetup.target - Local Encrypted Volumes.
2026-03-30T23:04:31.280289+00:00 vboxuser-VirtualBox mtp-probe: checking bus 1, device 2: "/sys/devices/pci0000:00/0000:00:06.0/usb1/1-1"
2026-03-30T23:04:31.280290+00:00 vboxuser-VirtualBox mtp-probe: bus: 1, device: 2 was not an MTP device
2026-03-30T23:04:31.280293+00:00 vboxuser-VirtualBox apparmor.systemd[616]: Warning: found usr.sbin.sssd in /etc/apparmor.d/force-complain, forcing complain mode
2026-03-30T23:04:31.280295+00:00 vboxuser-VirtualBox apparmor.systemd[616]: Warning from /etc/apparmor.d (/etc/apparmor.d/usr.sbin.sssd line 69): Caching disabled for: 'usr.sbin.sssd' due to force complain
2026-03-30T23:04:31.280298+00:00 vboxuser-VirtualBox systemd[1]: Listening on systemd-rfkill.socket - Load/Save RF Kill Switch Status /dev/rfkill Watch.
2026-03-30T23:04:31.280299+00:00 vboxuser-VirtualBox systemd[1]: Mounting proc-sys-fs-binfmt_misc.mount - Arbitrary Executable File Formats File System...
2026-03-30T23:04:31.280302+00:00 vboxuser-VirtualBox systemd[1]: Mounted proc-sys-fs-binfmt_misc.mount - Arbitrary Executable File Formats File System.
2026-03-30T23:04:31.280303+00:00 vboxuser-VirtualBox systemd[1]: Finished systemd-binfmt.service - Set Up Additional Binary Formats.
2026-03-30T23:04:31.280304+00:00 vboxuser-VirtualBox systemd[1]: Started systemd-timesyncd.service - Network Time Synchronization.
2026-03-30T23:04:31.280306+00:00 vboxuser-VirtualBox systemd[1]: Reached target time-set.target - System Time Set.
2026-03-30T23:04:31.280307+00:00 vboxuser-VirtualBox systemd[1]: Started systemd-oomd.service - Userspace Out-Of-Memory (OOM) Killer.
2026-03-30T23:04:31.280309+00:00 vboxuser-VirtualBox systemd-resolved[440]: Positive Trust Anchors:
2026-03-30T23:04:31.280311+00:00 vboxuser-VirtualBox systemd-resolved[440]: . IN DS 20326 8 2 e06d44b80b8f1d39a95c0b0d7c65d08458e880409bbc683457104237c7f8ec8d
2026-03-30T23:04:31.280313+00:00 vboxuser-VirtualBox systemd-resolved[440]: Negative trust anchors: home.arpa 10.in-addr.arpa 16.172.in-addr.arpa 17.172.in-addr.arpa 18.172.in-addr.arpa 19.172.in-addr.arpa 20.172.in-addr.arpa 21.172.in-addr.arpa 22.172.in-addr.arpa 23.172.in-addr.arpa 24.172.in-addr.arpa 25.172.in-addr.arpa 26.172.in-addr.arpa 27.172.in-addr.arpa 28.172.in-addr.arpa 29.172.in-addr.arpa 30.172.in-addr.arpa 31.172.in-addr.arpa 170.0.0.192.in-addr.arpa 171.0.0.192.in-addr.arpa 168.192.in-addr.arpa d.f.ip6.arpa ipv4only.arpa corp home internal intranet lan local private test
2026-03-30T23:04:31.280314+00:00 vboxuser-VirtualBox systemd-resolved[440]: Using system hostname 'vboxuser-VirtualBox'.
2026-03-30T23:04:31.280316+00:00 vboxuser-VirtualBox systemd[1]: Started systemd-resolved.service - Network Name Resolution.
2026-03-30T23:04:31.280317+00:00 vboxuser-VirtualBox systemd[1]: Reached target nss-lookup.target - Host and Network Name Lookups.
2026-03-30T23:04:31.280319+00:00 vboxuser-VirtualBox (udev-worker)[482]: controlC0: Process '/usr/sbin/alsactl -E HOME=/run/alsa -E XDG_RUNTIME_DIR=/run/alsa/runtime restore 0' failed with exit code 99.
2026-03-30T23:04:31.280322+00:00 vboxuser-VirtualBox systemd[1]: systemd-ask-password-console.path - Dispatch Password Requests to Console Directory Watch was skipped because of an unmet condition check (ConditionPathExists=!/run/plymouth/pid).
2026-03-30T23:04:31.280324+00:00 vboxuser-VirtualBox systemd[1]: Starting modprobe@dm_mod.service - Load Kernel Module dm_mod...
2026-03-30T23:04:31.280325+00:00 vboxuser-VirtualBox systemd[1]: Starting modprobe@efi_pstore.service - Load Kernel Module efi_pstore...
2026-03-30T23:04:31.280326+00:00 vboxuser-VirtualBox systemd[1]: Starting modprobe@loop.service - Load Kernel Module loop...
2026-03-30T23:04:31.280328+00:00 vboxuser-VirtualBox systemd[1]: systemd-firstboot.service - First Boot Wizard was skipped because of an unmet condition check (ConditionFirstBoot=yes).
2026-03-30T23:04:31.280330+00:00 vboxuser-VirtualBox systemd[1]: first-boot-complete.target - First Boot Complete was skipped because of an unmet condition check (ConditionFirstBoot=yes).
2026-03-30T23:04:31.280331+00:00 vboxuser-VirtualBox systemd[1]: systemd-hwdb-update.service - Rebuild Hardware Database was skipped because of an unmet condition check (ConditionNeedsUpdate=/etc).
2026-03-30T23:04:31.281449+00:00 vboxuser-VirtualBox systemd[1]: systemd-machine-id-commit.service - Commit a transient machine-id on disk was skipped because of an unmet condition check (ConditionPathIsMountPoint=/etc/machine-id).
2026-03-30T23:04:31.281456+00:00 vboxuser-VirtualBox systemd[1]: systemd-pcrmachine.service - TPM2 PCR Machine ID Measurement was skipped because of an unmet condition check (ConditionSecurity=measured-uki).
2026-03-30T23:04:31.281458+00:00 vboxuser-VirtualBox systemd[1]: systemd-tpm2-setup-early.service - TPM2 SRK Setup (Early) was skipped because of an unmet condition check (ConditionSecurity=measured-uki).
2026-03-30T23:04:31.281463+00:00 vboxuser-VirtualBox systemd[1]: systemd-tpm2-setup.service - TPM2 SRK Setup was skipped because of an unmet condition check (ConditionSecurity=measured-uki).
2026-03-30T23:04:31.281464+00:00 vboxuser-VirtualBox systemd[1]: modprobe@dm_mod.service: Deactivated successfully.
2026-03-30T23:04:31.281466+00:00 vboxuser-VirtualBox systemd[1]: Finished modprobe@dm_mod.service - Load Kernel Module dm_mod.
2026-03-30T23:04:31.281469+00:00 vboxuser-VirtualBox systemd[1]: modprobe@efi_pstore.service: Deactivated successfully.
2026-03-30T23:04:31.281470+00:00 vboxuser-VirtualBox systemd[1]: Finished modprobe@efi_pstore.service - Load Kernel Module efi_pstore.
2026-03-30T23:04:31.281473+00:00 vboxuser-VirtualBox systemd[1]: modprobe@loop.service: Deactivated successfully.
2026-03-30T23:04:31.281474+00:00 vboxuser-VirtualBox systemd[1]: Finished modprobe@loop.service - Load Kernel Module loop.
2026-03-30T23:04:31.281476+00:00 vboxuser-VirtualBox systemd[1]: systemd-pstore.service - Platform Persistent Storage Archival was skipped because of an unmet condition check (ConditionDirectoryNotEmpty=/sys/fs/pstore).
2026-03-30T23:04:31.281477+00:00 vboxuser-VirtualBox systemd[1]: systemd-repart.service - Repartition Root Disk was skipped because no trigger condition checks were met.
2026-03-30T23:04:31.281478+00:00 vboxuser-VirtualBox systemd[1]: Finished apparmor.service - Load AppArmor profiles.
2026-03-30T23:04:31.281480+00:00 vboxuser-VirtualBox systemd[1]: Starting snapd.apparmor.service - Load AppArmor profiles managed internally by snapd...
2026-03-30T23:04:31.281482+00:00 vboxuser-VirtualBox systemd[1]: vgauth.service - Authentication service for virtual machines hosted on VMware was skipped because of an unmet condition check (ConditionVirtualization=vmware).
2026-03-30T23:04:31.281484+00:00 vboxuser-VirtualBox systemd[1]: open-vm-tools.service - Service for virtual machines hosted on VMware was skipped because of an unmet condition check (ConditionVirtualization=vmware).
2026-03-30T23:04:31.281485+00:00 vboxuser-VirtualBox systemd[1]: Starting cloud-init-local.service - Cloud-init: Local Stage (pre-network)...
2026-03-30T23:04:31.281489+00:00 vboxuser-VirtualBox snapd-apparmor[907]: main.go:146: Loading profiles [/var/lib/snapd/apparmor/profiles/snap-confine.snapd.25935 /var/lib/snapd/apparmor/profiles/snap-update-ns.firefox /var/lib/snapd/apparmor/profiles/snap-update-ns.firmware-updater /var/lib/snapd/apparmor/profiles/snap-update-ns.snap-store /var/lib/snapd/apparmor/profiles/snap-update-ns.snapd-desktop-integration /var/lib/snapd/apparmor/profiles/snap.firefox.firefox /var/lib/snapd/apparmor/profiles/snap.firefox.geckodriver /var/lib/snapd/apparmor/profiles/snap.firefox.hook.configure /var/lib/snapd/apparmor/profiles/snap.firefox.hook.disconnect-plug-host-hunspell /var/lib/snapd/apparmor/profiles/snap.firefox.hook.install /var/lib/snapd/apparmor/profiles/snap.firefox.hook.post-refresh /var/lib/snapd/apparmor/profiles/snap.firmware-updater.firmware-notifier /var/lib/snapd/apparmor/profiles/snap.firmware-updater.firmware-updater /var/lib/snapd/apparmor/profiles/snap.firmware-updater.firmware-updater-app /var/lib/snapd/apparmor/profiles/snap.firmware-updater.hook.configure /var/lib/snapd/apparmor/profiles/snap.snap-store.hook.configure /var/lib/snapd/apparmor/profiles/snap.snap-store.show-updates /var/lib/snapd/apparmor/profiles/snap.snap-store.snap-store /var/lib/snapd/apparmor/profiles/snap.snapd-desktop-integration.hook.configure /var/lib/snapd/apparmor/profiles/snap.snapd-desktop-integration.snapd-desktop-integration]
2026-03-30T23:04:31.281493+00:00 vboxuser-VirtualBox cloud-init[939]: Cloud-init v. 25.2-0ubuntu1~24.04.1 running 'init-local' at Mon, 30 Mar 2026 23:04:30 +0000. Up 7.17 seconds.
2026-03-30T23:04:31.281497+00:00 vboxuser-VirtualBox systemd[1]: netplan-ovs-cleanup.service - OpenVSwitch configuration for cleanup was skipped because of an unmet condition check (ConditionFileIsExecutable=/usr/bin/ovs-vsctl).
2026-03-30T23:04:31.281498+00:00 vboxuser-VirtualBox systemd[1]: Reloading requested from client PID 946 ('systemctl') (unit cloud-init-local.service)...
2026-03-30T23:04:31.281499+00:00 vboxuser-VirtualBox systemd[1]: Reloading...
2026-03-30T23:04:31.281501+00:00 vboxuser-VirtualBox systemd[1]: Reloading finished in 284 ms.
2026-03-30T23:04:31.281503+00:00 vboxuser-VirtualBox systemd[1]: Finished snapd.apparmor.service - Load AppArmor profiles managed internally by snapd.
2026-03-30T23:04:31.281504+00:00 vboxuser-VirtualBox systemd[1]: Finished cloud-init-local.service - Cloud-init: Local Stage (pre-network).
2026-03-30T23:04:31.281506+00:00 vboxuser-VirtualBox systemd[1]: Reached target network-pre.target - Preparation for Network.
2026-03-30T23:04:31.281507+00:00 vboxuser-VirtualBox systemd[1]: Reached target sysinit.target - System Initialization.
2026-03-30T23:04:31.281509+00:00 vboxuser-VirtualBox systemd[1]: apport-autoreport.path - Process error reports when automatic reporting is enabled (file watch) was skipped because of an unmet condition check (ConditionPathExists=/var/lib/apport/autoreport).
2026-03-30T23:04:31.281510+00:00 vboxuser-VirtualBox systemd[1]: Started cups.path - CUPS Scheduler.
2026-03-30T23:04:31.281513+00:00 vboxuser-VirtualBox systemd[1]: tpm-udev.path - Handle dynamically added tpm devices was skipped because of an unmet condition check (ConditionVirtualization=container).
2026-03-30T23:04:31.281514+00:00 vboxuser-VirtualBox systemd[1]: Started whoopsie.path - Start whoopsie on modification of the /var/crash directory.
2026-03-30T23:04:31.281515+00:00 vboxuser-VirtualBox systemd[1]: Started anacron.timer - Trigger anacron every hour.
2026-03-30T23:04:31.281517+00:00 vboxuser-VirtualBox systemd[1]: apport-autoreport.timer - Process error reports when automatic reporting is enabled (timer based) was skipped because of an unmet condition check (ConditionPathExists=/var/lib/apport/autoreport).
2026-03-30T23:04:31.281518+00:00 vboxuser-VirtualBox systemd[1]: Started apt-daily.timer - Daily apt download activities.
2026-03-30T23:04:31.281523+00:00 vboxuser-VirtualBox systemd[1]: Started apt-daily-upgrade.timer - Daily apt upgrade and clean activities.
2026-03-30T23:04:31.281524+00:00 vboxuser-VirtualBox systemd[1]: Started dpkg-db-backup.timer - Daily dpkg database backup timer.
2026-03-30T23:04:31.281525+00:00 vboxuser-VirtualBox systemd[1]: Started e2scrub_all.timer - Periodic ext4 Online Metadata Check for All Filesystems.
2026-03-30T23:04:31.281526+00:00 vboxuser-VirtualBox systemd[1]: Started fstrim.timer - Discard unused filesystem blocks once a week.
2026-03-30T23:04:31.281528+00:00 vboxuser-VirtualBox systemd[1]: Started fwupd-refresh.timer - Refresh fwupd metadata regularly.
2026-03-30T23:04:31.281529+00:00 vboxuser-VirtualBox systemd[1]: Started logrotate.timer - Daily rotation of log files.
2026-03-30T23:04:31.281531+00:00 vboxuser-VirtualBox systemd[1]: Started man-db.timer - Daily man-db regeneration.
2026-03-30T23:04:31.281533+00:00 vboxuser-VirtualBox systemd[1]: Started motd-news.timer - Message of the Day.
2026-03-30T23:04:31.281534+00:00 vboxuser-VirtualBox systemd[1]: snapd.snap-repair.timer - Timer to automatically fetch and run repair assertions was skipped because no trigger condition checks were met.
2026-03-30T23:04:31.281535+00:00 vboxuser-VirtualBox systemd[1]: Started sysstat-collect.timer - Run system activity accounting tool every 10 minutes.
2026-03-30T23:04:31.281537+00:00 vboxuser-VirtualBox systemd[1]: Started sysstat-summary.timer - Generate summary of yesterday's process accounting.
2026-03-30T23:04:31.281538+00:00 vboxuser-VirtualBox systemd[1]: Started systemd-tmpfiles-clean.timer - Daily Cleanup of Temporary Directories.
2026-03-30T23:04:31.281541+00:00 vboxuser-VirtualBox systemd[1]: ua-timer.timer - Ubuntu Pro Timer for running repeated jobs was skipped because of an unmet condition check (ConditionPathExists=/var/lib/ubuntu-advantage/private/machine-token.json).
2026-03-30T23:04:31.281542+00:00 vboxuser-VirtualBox systemd[1]: Reached target paths.target - Path Units.
2026-03-30T23:04:31.281543+00:00 vboxuser-VirtualBox systemd[1]: apport-forward.socket - Unix socket for apport crash forwarding was skipped because of an unmet condition check (ConditionVirtualization=container).
2026-03-30T23:04:31.281545+00:00 vboxuser-VirtualBox systemd[1]: Listening on avahi-daemon.socket - Avahi mDNS/DNS-SD Stack Activation Socket.
2026-03-30T23:04:31.281547+00:00 vboxuser-VirtualBox systemd[1]: Listening on cups.socket - CUPS Scheduler.
2026-03-30T23:04:31.281549+00:00 vboxuser-VirtualBox systemd[1]: Listening on dbus.socket - D-Bus System Message Bus Socket.
2026-03-30T23:04:31.281551+00:00 vboxuser-VirtualBox systemd[1]: Starting snapd.socket - Socket activation for snappy daemon...
2026-03-30T23:04:31.281552+00:00 vboxuser-VirtualBox systemd[1]: Listening on uuidd.socket - UUID daemon activation socket.
2026-03-30T23:04:31.281553+00:00 vboxuser-VirtualBox systemd[1]: systemd-pcrphase-sysinit.service - TPM2 PCR Barrier (Initialization) was skipped because of an unmet condition check (ConditionSecurity=measured-uki).
2026-03-30T23:04:31.281555+00:00 vboxuser-VirtualBox systemd[1]: Listening on snapd.socket - Socket activation for snappy daemon.
2026-03-30T23:04:31.281556+00:00 vboxuser-VirtualBox systemd[1]: Reached target sockets.target - Socket Units.
2026-03-30T23:04:31.281562+00:00 vboxuser-VirtualBox systemd[1]: Reached target basic.target - Basic System.
2026-03-30T23:04:31.281564+00:00 vboxuser-VirtualBox systemd[1]: Started anacron.service - Run anacron jobs.
2026-03-30T23:04:31.281565+00:00 vboxuser-VirtualBox systemd[1]: Starting apport.service - automatic crash report generation...
2026-03-30T23:04:31.281566+00:00 vboxuser-VirtualBox systemd[1]: Starting avahi-daemon.service - Avahi mDNS/DNS-SD Stack...
2026-03-30T23:04:31.281568+00:00 vboxuser-VirtualBox systemd[1]: Starting dbus.service - D-Bus System Message Bus...
2026-03-30T23:04:31.281569+00:00 vboxuser-VirtualBox systemd[1]: Started dmesg.service - Save initial kernel messages after boot.
2026-03-30T23:04:31.281570+00:00 vboxuser-VirtualBox systemd[1]: Starting e2scrub_reap.service - Remove Stale Online ext4 Metadata Check Snapshots...
2026-03-30T23:04:31.281574+00:00 vboxuser-VirtualBox systemd[1]: getty-static.service - getty on tty2-tty6 if dbus and logind are not available was skipped because of an unmet condition check (ConditionPathExists=!/usr/bin/dbus-daemon).
2026-03-30T23:04:31.281576+00:00 vboxuser-VirtualBox systemd[1]: Reached target getty.target - Login Prompts.
2026-03-30T23:04:31.281577+00:00 vboxuser-VirtualBox systemd[1]: Starting gnome-remote-desktop.service - GNOME Remote Desktop...
2026-03-30T23:04:31.281578+00:00 vboxuser-VirtualBox anacron[990]: Anacron 2.3 started on 2026-03-30
2026-03-30T23:04:31.281580+00:00 vboxuser-VirtualBox systemd[1]: Starting gpu-manager.service - Detect the available GPUs and deal with any system changes...
2026-03-30T23:04:31.281583+00:00 vboxuser-VirtualBox anacron[990]: Will run job `cron.daily' in 5 min.
2026-03-30T23:04:31.281584+00:00 vboxuser-VirtualBox anacron[990]: Will run job `cron.weekly' in 10 min.
2026-03-30T23:04:31.281585+00:00 vboxuser-VirtualBox anacron[990]: Will run job `cron.monthly' in 15 min.
2026-03-30T23:04:31.281588+00:00 vboxuser-VirtualBox anacron[990]: Jobs will be executed sequentially
2026-03-30T23:04:31.281590+00:00 vboxuser-VirtualBox systemd[1]: Starting grub-common.service - Record successful boot for GRUB...
2026-03-30T23:04:31.281591+00:00 vboxuser-VirtualBox avahi-daemon[992]: Found user 'avahi' (UID 108) and group 'avahi' (GID 111).
2026-03-30T23:04:31.281593+00:00 vboxuser-VirtualBox systemd[1]: networkd-dispatcher.service - Dispatcher daemon for systemd-networkd was skipped because no trigger condition checks were met.
2026-03-30T23:04:31.281596+00:00 vboxuser-VirtualBox systemd[1]: Starting polkit.service - Authorization Manager...
2026-03-30T23:04:31.281597+00:00 vboxuser-VirtualBox systemd[1]: Starting power-profiles-daemon.service - Power Profiles daemon...
2026-03-30T23:04:31.281598+00:00 vboxuser-VirtualBox systemd[1]: Starting rsyslog.service - System Logging Service...
2026-03-30T23:04:31.281600+00:00 vboxuser-VirtualBox systemd[1]: secureboot-db.service - Secure Boot updates for DB and DBX was skipped because of an unmet condition check (ConditionPathExists=/sys/firmware/efi/efivars/db-d719b2cb-3d3a-4596-a3bc-dad00e67656f).
2026-03-30T23:04:31.281601+00:00 vboxuser-VirtualBox systemd[1]: snapd.core-fixup.service - Automatically repair incorrect owner/permissions on core devices was skipped because no trigger condition checks were met.
2026-03-30T23:04:31.281604+00:00 vboxuser-VirtualBox systemd[1]: snapd.recovery-chooser-trigger.service - Wait for the Ubuntu Core chooser trigger was skipped because of an unmet condition check (ConditionKernelCommandLine=snapd_recovery_mode).
2026-03-30T23:04:31.281605+00:00 vboxuser-VirtualBox systemd[1]: Reached target getty-pre.target - Preparation for Logins.
2026-03-30T23:04:31.281607+00:00 vboxuser-VirtualBox systemd[1]: Starting snapd.seeded.service - Wait until snapd is fully seeded...
2026-03-30T23:04:31.281608+00:00 vboxuser-VirtualBox systemd[1]: Starting snapd.service - Snap Daemon...
2026-03-30T23:04:31.281609+00:00 vboxuser-VirtualBox systemd[1]: Starting ssl-cert.service - Generate snakeoil SSL keypair...
2026-03-30T23:04:31.281610+00:00 vboxuser-VirtualBox systemd[1]: sssd.service - System Security Services Daemon was skipped because no trigger condition checks were met.
2026-03-30T23:04:31.281613+00:00 vboxuser-VirtualBox systemd[1]: Reached target nss-user-lookup.target - User and Group Name Lookups.
2026-03-30T23:04:31.281615+00:00 vboxuser-VirtualBox systemd[1]: sssd-nss.socket: Bound to unit sssd.service, but unit isn't active.
2026-03-30T23:04:31.281616+00:00 vboxuser-VirtualBox systemd[1]: Dependency failed for sssd-nss.socket - SSSD NSS Service responder socket.
2026-03-30T23:04:31.281617+00:00 vboxuser-VirtualBox systemd[1]: sssd-nss.socket: Job sssd-nss.socket/start failed with result 'dependency'.
2026-03-30T23:04:31.281618+00:00 vboxuser-VirtualBox systemd[1]: sssd-autofs.socket: Bound to unit sssd.service, but unit isn't active.
2026-03-30T23:04:31.281620+00:00 vboxuser-VirtualBox systemd[1]: Dependency failed for sssd-autofs.socket - SSSD AutoFS Service responder socket.
2026-03-30T23:04:31.281623+00:00 vboxuser-VirtualBox systemd[1]: sssd-autofs.socket: Job sssd-autofs.socket/start failed with result 'dependency'.
2026-03-30T23:04:31.281624+00:00 vboxuser-VirtualBox systemd[1]: sssd-pac.socket: Bound to unit sssd.service, but unit isn't active.
2026-03-30T23:04:31.281625+00:00 vboxuser-VirtualBox systemd[1]: Dependency failed for sssd-pac.socket - SSSD PAC Service responder socket.
2026-03-30T23:04:31.281627+00:00 vboxuser-VirtualBox systemd[1]: sssd-pac.socket: Job sssd-pac.socket/start failed with result 'dependency'.
2026-03-30T23:04:31.281628+00:00 vboxuser-VirtualBox systemd[1]: sssd-pam-priv.socket: Bound to unit sssd.service, but unit isn't active.
2026-03-30T23:04:31.281631+00:00 vboxuser-VirtualBox systemd[1]: Dependency failed for sssd-pam-priv.socket - SSSD PAM Service responder private socket.
2026-03-30T23:04:31.281632+00:00 vboxuser-VirtualBox systemd[1]: Dependency failed for sssd-pam.socket - SSSD PAM Service responder socket.
2026-03-30T23:04:31.281634+00:00 vboxuser-VirtualBox systemd[1]: sssd-pam.socket: Job sssd-pam.socket/start failed with result 'dependency'.
2026-03-30T23:04:31.281635+00:00 vboxuser-VirtualBox systemd[1]: sssd-pam-priv.socket: Job sssd-pam-priv.socket/start failed with result 'dependency'.
2026-03-30T23:04:31.281636+00:00 vboxuser-VirtualBox systemd[1]: sssd-ssh.socket: Bound to unit sssd.service, but unit isn't active.
2026-03-30T23:04:31.281637+00:00 vboxuser-VirtualBox systemd[1]: Dependency failed for sssd-ssh.socket - SSSD SSH Service responder socket.
2026-03-30T23:04:31.281640+00:00 vboxuser-VirtualBox systemd[1]: sssd-ssh.socket: Job sssd-ssh.socket/start failed with result 'dependency'.
2026-03-30T23:04:31.281642+00:00 vboxuser-VirtualBox systemd[1]: sssd-sudo.socket: Bound to unit sssd.service, but unit isn't active.
2026-03-30T23:04:31.281643+00:00 vboxuser-VirtualBox systemd[1]: Dependency failed for sssd-sudo.socket - SSSD Sudo Service responder socket.
2026-03-30T23:04:31.281644+00:00 vboxuser-VirtualBox systemd[1]: sssd-sudo.socket: Job sssd-sudo.socket/start failed with result 'dependency'.
2026-03-30T23:04:31.281645+00:00 vboxuser-VirtualBox systemd[1]: Starting accounts-daemon.service - Accounts Service...
2026-03-30T23:04:31.281648+00:00 vboxuser-VirtualBox systemd[1]: Started cron.service - Regular background program processing daemon.
2026-03-30T23:04:31.281649+00:00 vboxuser-VirtualBox (cron)[1013]: cron.service: Referenced but unset environment variable evaluates to an empty string: EXTRA_OPTS
2026-03-30T23:04:31.281651+00:00 vboxuser-VirtualBox systemd[1]: Starting switcheroo-control.service - Switcheroo Control Proxy service...
2026-03-30T23:04:31.281652+00:00 vboxuser-VirtualBox systemd[1]: Starting sysstat.service - Resets System Activity Logs...
2026-03-30T23:04:31.281653+00:00 vboxuser-VirtualBox cron[1013]: (CRON) INFO (pidfile fd = 3)
2026-03-30T23:04:31.281655+00:00 vboxuser-VirtualBox systemd[1]: Starting systemd-logind.service - User Login Management...
2026-03-30T23:04:31.281658+00:00 vboxuser-VirtualBox systemd[1]: systemd-pcrphase.service - TPM2 PCR Barrier (User) was skipped because of an unmet condition check (ConditionSecurity=measured-uki).
2026-03-30T23:04:31.281659+00:00 vboxuser-VirtualBox systemd[1]: thermald.service - Thermal Daemon Service was skipped because of an unmet condition check (ConditionVirtualization=no).
2026-03-30T23:04:31.281660+00:00 vboxuser-VirtualBox systemd[1]: ua-reboot-cmds.service - Ubuntu Pro reboot cmds was skipped because of an unmet condition check (ConditionPathExists=/var/lib/ubuntu-advantage/private/machine-token.json).
2026-03-30T23:04:31.281662+00:00 vboxuser-VirtualBox systemd[1]: Starting udisks2.service - Disk Manager...
2026-03-30T23:04:31.281663+00:00 vboxuser-VirtualBox avahi-daemon[992]: Successfully dropped root privileges.
2026-03-30T23:04:31.281665+00:00 vboxuser-VirtualBox avahi-daemon[992]: avahi-daemon 0.8 starting up.
2026-03-30T23:04:31.281667+00:00 vboxuser-VirtualBox dbus-daemon[993]: dbus[993]: Unknown group "power" in message bus configuration file
2026-03-30T23:04:31.281669+00:00 vboxuser-VirtualBox cron[1013]: (CRON) INFO (Running @reboot jobs)
2026-03-30T23:04:31.281670+00:00 vboxuser-VirtualBox udisksd[1021]: udisks daemon version 2.10.1 starting
2026-03-30T23:04:31.281672+00:00 vboxuser-VirtualBox systemd[1]: Finished sysstat.service - Resets System Activity Logs.
2026-03-30T23:04:31.281680+00:00 vboxuser-VirtualBox systemd[1]: Started systemd-logind.service - User Login Management.
2026-03-30T23:04:31.281681+00:00 vboxuser-VirtualBox systemd[1]: grub-common.service: Deactivated successfully.
2026-03-30T23:04:31.281682+00:00 vboxuser-VirtualBox systemd[1]: Finished grub-common.service - Record successful boot for GRUB.
2026-03-30T23:04:31.281683+00:00 vboxuser-VirtualBox systemd[1]: Starting grub-initrd-fallback.service - GRUB failed boot detection...
2026-03-30T23:04:31.281686+00:00 vboxuser-VirtualBox polkitd[1001]: Started polkitd version 124
2026-03-30T23:04:31.281688+00:00 vboxuser-VirtualBox systemd[1]: gpu-manager.service: Deactivated successfully.
2026-03-30T23:04:31.281689+00:00 vboxuser-VirtualBox systemd[1]: Finished gpu-manager.service - Detect the available GPUs and deal with any system changes.
2026-03-30T23:04:31.269403+00:00 vboxuser-VirtualBox rsyslogd: imuxsock: Acquired UNIX socket '/run/systemd/journal/syslog' (fd 3) from systemd.  [v8.2312.0]
2026-03-30T23:04:31.279349+00:00 vboxuser-VirtualBox kernel: ledtrig-cpu: registered to indicate activity on CPUs
2026-03-30T23:04:31.282333+00:00 vboxuser-VirtualBox kernel: ACPI: AC: AC Adapter [AC] (on-line)
2026-03-30T23:04:31.282334+00:00 vboxuser-VirtualBox kernel: input: Power Button as /devices/LNXSYSTM:00/LNXPWRBN:00/input/input0
2026-03-30T23:04:31.282335+00:00 vboxuser-VirtualBox kernel: ACPI: button: Power Button [PWRF]
2026-03-30T23:04:31.282335+00:00 vboxuser-VirtualBox kernel: input: Sleep Button as /devices/LNXSYSTM:00/LNXSLPBN:00/input/input1
2026-03-30T23:04:31.282365+00:00 vboxuser-VirtualBox kernel: ACPI: button: Sleep Button [SLPF]
2026-03-30T23:04:31.282366+00:00 vboxuser-VirtualBox kernel: Serial: 8250/16550 driver, 32 ports, IRQ sharing enabled
2026-03-30T23:04:31.282366+00:00 vboxuser-VirtualBox kernel: ACPI: battery: Slot [BAT0] (battery present)
2026-03-30T23:04:31.282366+00:00 vboxuser-VirtualBox kernel: Linux agpgart interface v0.103
2026-03-30T23:04:31.282366+00:00 vboxuser-VirtualBox kernel: loop: module loaded
2026-03-30T23:04:31.282367+00:00 vboxuser-VirtualBox kernel: scsi host0: ata_piix
2026-03-30T23:04:31.282368+00:00 vboxuser-VirtualBox kernel: scsi host1: ata_piix
2026-03-30T23:04:31.282369+00:00 vboxuser-VirtualBox kernel: ata1: PATA max UDMA/33 cmd 0x1f0 ctl 0x3f6 bmdma 0xd000 irq 14 lpm-pol 0
2026-03-30T23:04:31.282369+00:00 vboxuser-VirtualBox kernel: ata2: PATA max UDMA/33 cmd 0x170 ctl 0x376 bmdma 0xd008 irq 15 lpm-pol 0
2026-03-30T23:04:31.282369+00:00 vboxuser-VirtualBox kernel: ACPI: bus type drm_connector registered
2026-03-30T23:04:31.282369+00:00 vboxuser-VirtualBox kernel: tun: Universal TUN/TAP device driver, 1.6
2026-03-30T23:04:31.282370+00:00 vboxuser-VirtualBox kernel: PPP generic driver version 2.4.2
2026-03-30T23:04:31.282370+00:00 vboxuser-VirtualBox kernel: ohci-pci 0000:00:06.0: OHCI PCI host controller
2026-03-30T23:04:31.282372+00:00 vboxuser-VirtualBox kernel: ohci-pci 0000:00:06.0: new USB bus registered, assigned bus number 1
2026-03-30T23:04:31.282372+00:00 vboxuser-VirtualBox kernel: ohci-pci 0000:00:06.0: irq 22, io mem 0xf0804000
2026-03-30T23:04:31.282372+00:00 vboxuser-VirtualBox kernel: usb usb1: New USB device found, idVendor=1d6b, idProduct=0001, bcdDevice= 6.17
2026-03-30T23:04:31.282372+00:00 vboxuser-VirtualBox kernel: usb usb1: New USB device strings: Mfr=3, Product=2, SerialNumber=1
2026-03-30T23:04:31.282372+00:00 vboxuser-VirtualBox kernel: usb usb1: Product: OHCI PCI host controller
2026-03-30T23:04:31.282373+00:00 vboxuser-VirtualBox kernel: usb usb1: Manufacturer: Linux 6.17.0-19-generic ohci_hcd
2026-03-30T23:04:31.282374+00:00 vboxuser-VirtualBox kernel: usb usb1: SerialNumber: 0000:00:06.0
2026-03-30T23:04:31.282375+00:00 vboxuser-VirtualBox kernel: hub 1-0:1.0: USB hub found
2026-03-30T23:04:31.282375+00:00 vboxuser-VirtualBox kernel: hub 1-0:1.0: 12 ports detected
2026-03-30T23:04:31.282375+00:00 vboxuser-VirtualBox kernel: i8042: PNP: PS/2 Controller [PNP0303:PS2K,PNP0f03:PS2M] at 0x60,0x64 irq 1,12
2026-03-30T23:04:31.282375+00:00 vboxuser-VirtualBox kernel: ehci-pci 0000:00:0b.0: EHCI Host Controller
2026-03-30T23:04:31.282375+00:00 vboxuser-VirtualBox kernel: ehci-pci 0000:00:0b.0: new USB bus registered, assigned bus number 2
2026-03-30T23:04:31.282376+00:00 vboxuser-VirtualBox kernel: serio: i8042 KBD port at 0x60,0x64 irq 1
2026-03-30T23:04:31.282377+00:00 vboxuser-VirtualBox kernel: serio: i8042 AUX port at 0x60,0x64 irq 12
2026-03-30T23:04:31.282378+00:00 vboxuser-VirtualBox kernel: ehci-pci 0000:00:0b.0: irq 19, io mem 0xf0805000
2026-03-30T23:04:31.282378+00:00 vboxuser-VirtualBox kernel: mousedev: PS/2 mouse device common for all mice
2026-03-30T23:04:31.282378+00:00 vboxuser-VirtualBox kernel: rtc_cmos rtc_cmos: registered as rtc0
2026-03-30T23:04:31.282378+00:00 vboxuser-VirtualBox kernel: rtc_cmos rtc_cmos: setting system clock to 2026-03-30T23:04:23 UTC (1774911863)
2026-03-30T23:04:31.282378+00:00 vboxuser-VirtualBox kernel: rtc_cmos rtc_cmos: alarms up to one day, 114 bytes nvram
2026-03-30T23:04:31.282380+00:00 vboxuser-VirtualBox kernel: i2c_dev: i2c /dev entries driver
2026-03-30T23:04:31.282381+00:00 vboxuser-VirtualBox kernel: device-mapper: core: CONFIG_IMA_DISABLE_HTABLE is disabled. Duplicate IMA measurements will not be recorded in the IMA log.
2026-03-30T23:04:31.282381+00:00 vboxuser-VirtualBox kernel: device-mapper: uevent: version 1.0.3
2026-03-30T23:04:31.282381+00:00 vboxuser-VirtualBox kernel: device-mapper: ioctl: 4.50.0-ioctl (2025-04-28) initialised: dm-devel@lists.linux.dev
2026-03-30T23:04:31.282381+00:00 vboxuser-VirtualBox kernel: intel_pstate: CPU model not supported
2026-03-30T23:04:31.282381+00:00 vboxuser-VirtualBox kernel: drop_monitor: Initializing network drop monitor service
2026-03-30T23:04:31.282383+00:00 vboxuser-VirtualBox kernel: NET: Registered PF_INET6 protocol family
2026-03-30T23:04:31.282383+00:00 vboxuser-VirtualBox kernel: input: AT Translated Set 2 keyboard as /devices/platform/i8042/serio0/input/input2
2026-03-30T23:04:31.282383+00:00 vboxuser-VirtualBox kernel: Segment Routing with IPv6
2026-03-30T23:04:31.282384+00:00 vboxuser-VirtualBox kernel: In-situ OAM (IOAM) with IPv6
2026-03-30T23:04:31.282384+00:00 vboxuser-VirtualBox kernel: NET: Registered PF_PACKET protocol family
2026-03-30T23:04:31.282384+00:00 vboxuser-VirtualBox kernel: Key type dns_resolver registered
2026-03-30T23:04:31.282384+00:00 vboxuser-VirtualBox kernel: IPI shorthand broadcast: enabled
2026-03-30T23:04:31.282386+00:00 vboxuser-VirtualBox kernel: ehci-pci 0000:00:0b.0: USB 2.0 started, EHCI 1.00
2026-03-30T23:04:31.282386+00:00 vboxuser-VirtualBox kernel: usb usb2: New USB device found, idVendor=1d6b, idProduct=0002, bcdDevice= 6.17
2026-03-30T23:04:31.282386+00:00 vboxuser-VirtualBox kernel: usb usb2: New USB device strings: Mfr=3, Product=2, SerialNumber=1
2026-03-30T23:04:31.282387+00:00 vboxuser-VirtualBox kernel: usb usb2: Product: EHCI Host Controller
2026-03-30T23:04:31.282387+00:00 vboxuser-VirtualBox kernel: usb usb2: Manufacturer: Linux 6.17.0-19-generic ehci_hcd
2026-03-30T23:04:31.282387+00:00 vboxuser-VirtualBox kernel: usb usb2: SerialNumber: 0000:00:0b.0
2026-03-30T23:04:31.282391+00:00 vboxuser-VirtualBox kernel: hub 2-0:1.0: USB hub found
2026-03-30T23:04:31.282391+00:00 vboxuser-VirtualBox kernel: hub 2-0:1.0: 12 ports detected
2026-03-30T23:04:31.282391+00:00 vboxuser-VirtualBox kernel: sched_clock: Marking stable (549434103, 32303207)->(666486579, -84749269)
2026-03-30T23:04:31.282391+00:00 vboxuser-VirtualBox kernel: registered taskstats version 1
2026-03-30T23:04:31.282392+00:00 vboxuser-VirtualBox kernel: Loading compiled-in X.509 certificates
2026-03-30T23:04:31.282392+00:00 vboxuser-VirtualBox kernel: Loaded X.509 cert 'Build time autogenerated kernel key: 2e73221b12d87a671685daaff6c47a18f3185632'
2026-03-30T23:04:31.282393+00:00 vboxuser-VirtualBox kernel: Loaded X.509 cert 'Canonical Ltd. Live Patch Signing 2025 Kmod: d541cef61dc7e793b7eb7e899970a2eef0b5dc8c'
2026-03-30T23:04:31.282394+00:00 vboxuser-VirtualBox kernel: Loaded X.509 cert 'Canonical Ltd. Live Patch Signing: 14df34d1a87cf37625abec039ef2bf521249b969'
2026-03-30T23:04:31.282394+00:00 vboxuser-VirtualBox kernel: Loaded X.509 cert 'Canonical Ltd. Kernel Module Signing: 88f752e560a1e0737e31163a466ad7b70a850c19'
2026-03-30T23:04:31.282394+00:00 vboxuser-VirtualBox kernel: blacklist: Loading compiled-in revocation X.509 certificates
2026-03-30T23:04:31.282394+00:00 vboxuser-VirtualBox kernel: Loaded X.509 cert 'Canonical Ltd. Secure Boot Signing: 61482aa2830d0ab2ad5af10b7250da9033ddcef0'
2026-03-30T23:04:31.282395+00:00 vboxuser-VirtualBox kernel: Loaded X.509 cert 'Canonical Ltd. Secure Boot Signing (2017): 242ade75ac4a15e50d50c84b0d45ff3eae707a03'
2026-03-30T23:04:31.282396+00:00 vboxuser-VirtualBox kernel: Loaded X.509 cert 'Canonical Ltd. Secure Boot Signing (ESM 2018): 365188c1d374d6b07c3c8f240f8ef722433d6a8b'
2026-03-30T23:04:31.282397+00:00 vboxuser-VirtualBox kernel: Loaded X.509 cert 'Canonical Ltd. Secure Boot Signing (2019): c0746fd6c5da3ae827864651ad66ae47fe24b3e8'
2026-03-30T23:04:31.282397+00:00 vboxuser-VirtualBox kernel: Loaded X.509 cert 'Canonical Ltd. Secure Boot Signing (2021 v1): a8d54bbb3825cfb94fa13c9f8a594a195c107b8d'
2026-03-30T23:04:31.282397+00:00 vboxuser-VirtualBox kernel: Loaded X.509 cert 'Canonical Ltd. Secure Boot Signing (2021 v2): 4cf046892d6fd3c9a5b03f98d845f90851dc6a8c'
2026-03-30T23:04:31.282397+00:00 vboxuser-VirtualBox kernel: Loaded X.509 cert 'Canonical Ltd. Secure Boot Signing (2021 v3): 100437bb6de6e469b581e61cd66bce3ef4ed53af'
2026-03-30T23:04:31.282398+00:00 vboxuser-VirtualBox kernel: Loaded X.509 cert 'Canonical Ltd. Secure Boot Signing (Ubuntu Core 2019): c1d57b8f6b743f23ee41f4f7ee292f06eecadfb9'
2026-03-30T23:04:31.282399+00:00 vboxuser-VirtualBox kernel: Demotion targets for Node 0: null
2026-03-30T23:04:31.282399+00:00 vboxuser-VirtualBox kernel: Key type .fscrypt registered
2026-03-30T23:04:31.282400+00:00 vboxuser-VirtualBox kernel: Key type fscrypt-provisioning registered
2026-03-30T23:04:31.282400+00:00 vboxuser-VirtualBox kernel: Key type big_key registered
2026-03-30T23:04:31.282400+00:00 vboxuser-VirtualBox kernel: Key type encrypted registered
2026-03-30T23:04:31.282400+00:00 vboxuser-VirtualBox kernel: AppArmor: AppArmor sha256 policy hashing enabled
2026-03-30T23:04:31.282402+00:00 vboxuser-VirtualBox kernel: ima: No TPM chip found, activating TPM-bypass!
2026-03-30T23:04:31.282402+00:00 vboxuser-VirtualBox kernel: Loading compiled-in module X.509 certificates
2026-03-30T23:04:31.282402+00:00 vboxuser-VirtualBox kernel: Loaded X.509 cert 'Build time autogenerated kernel key: 2e73221b12d87a671685daaff6c47a18f3185632'
2026-03-30T23:04:31.282402+00:00 vboxuser-VirtualBox kernel: ima: Allocated hash algorithm: sha256
2026-03-30T23:04:31.282403+00:00 vboxuser-VirtualBox kernel: ima: No architecture policies found
2026-03-30T23:04:31.282403+00:00 vboxuser-VirtualBox kernel: evm: Initialising EVM extended attributes:
2026-03-30T23:04:31.282404+00:00 vboxuser-VirtualBox kernel: evm: security.selinux
2026-03-30T23:04:31.282405+00:00 vboxuser-VirtualBox kernel: evm: security.SMACK64
2026-03-30T23:04:31.282405+00:00 vboxuser-VirtualBox kernel: evm: security.SMACK64EXEC
2026-03-30T23:04:31.282405+00:00 vboxuser-VirtualBox kernel: evm: security.SMACK64TRANSMUTE
2026-03-30T23:04:31.282405+00:00 vboxuser-VirtualBox kernel: evm: security.SMACK64MMAP
2026-03-30T23:04:31.282406+00:00 vboxuser-VirtualBox kernel: evm: security.apparmor
2026-03-30T23:04:31.282406+00:00 vboxuser-VirtualBox kernel: evm: security.ima
2026-03-30T23:04:31.282407+00:00 vboxuser-VirtualBox kernel: evm: security.capability
2026-03-30T23:04:31.282408+00:00 vboxuser-VirtualBox kernel: evm: HMAC attrs: 0x1
2026-03-30T23:04:31.282408+00:00 vboxuser-VirtualBox kernel: PM:   Magic number: 2:192:101
2026-03-30T23:04:31.282408+00:00 vboxuser-VirtualBox kernel: RAS: Correctable Errors collector initialized.
2026-03-30T23:04:31.282408+00:00 vboxuser-VirtualBox kernel: clk: Disabling unused clocks
2026-03-30T23:04:31.282409+00:00 vboxuser-VirtualBox kernel: PM: genpd: Disabling unused power domains
2026-03-30T23:04:31.282410+00:00 vboxuser-VirtualBox kernel: ata2.00: ATAPI: VBOX CD-ROM, 1.0, max UDMA/133
2026-03-30T23:04:31.282410+00:00 vboxuser-VirtualBox kernel: scsi 1:0:0:0: CD-ROM            VBOX     CD-ROM           1.0  PQ: 0 ANSI: 5
2026-03-30T23:04:31.282411+00:00 vboxuser-VirtualBox kernel: sr 1:0:0:0: [sr0] scsi3-mmc drive: 32x/32x xa/form2 tray
2026-03-30T23:04:31.282411+00:00 vboxuser-VirtualBox kernel: cdrom: Uniform CD-ROM driver Revision: 3.20
2026-03-30T23:04:31.282411+00:00 vboxuser-VirtualBox kernel: sr 1:0:0:0: Attached scsi CD-ROM sr0
2026-03-30T23:04:31.282411+00:00 vboxuser-VirtualBox kernel: sr 1:0:0:0: Attached scsi generic sg0 type 5
2026-03-30T23:04:31.282411+00:00 vboxuser-VirtualBox kernel: Freeing unused decrypted memory: 2028K
2026-03-30T23:04:31.282413+00:00 vboxuser-VirtualBox kernel: Freeing unused kernel image (initmem) memory: 5268K
2026-03-30T23:04:31.282413+00:00 vboxuser-VirtualBox kernel: Write protecting the kernel read-only data: 38912k
2026-03-30T23:04:31.282413+00:00 vboxuser-VirtualBox kernel: Freeing unused kernel image (text/rodata gap) memory: 312K
2026-03-30T23:04:31.282414+00:00 vboxuser-VirtualBox kernel: Freeing unused kernel image (rodata/data gap) memory: 92K
2026-03-30T23:04:31.282414+00:00 vboxuser-VirtualBox kernel: x86/mm: Checked W+X mappings: passed, no W+X pages found.
2026-03-30T23:04:31.282414+00:00 vboxuser-VirtualBox kernel: Run /init as init process
2026-03-30T23:04:31.282416+00:00 vboxuser-VirtualBox kernel:   with arguments:
2026-03-30T23:04:31.282416+00:00 vboxuser-VirtualBox kernel:     /init
2026-03-30T23:04:31.282416+00:00 vboxuser-VirtualBox kernel:     splash
2026-03-30T23:04:31.282417+00:00 vboxuser-VirtualBox kernel:   with environment:
2026-03-30T23:04:31.282417+00:00 vboxuser-VirtualBox kernel:     HOME=/
2026-03-30T23:04:31.282417+00:00 vboxuser-VirtualBox kernel:     TERM=linux
2026-03-30T23:04:31.282418+00:00 vboxuser-VirtualBox kernel: e1000: Intel(R) PRO/1000 Network Driver
2026-03-30T23:04:31.282419+00:00 vboxuser-VirtualBox kernel: e1000: Copyright (c) 1999-2006 Intel Corporation.
2026-03-30T23:04:31.282419+00:00 vboxuser-VirtualBox kernel: usb 1-1: new full-speed USB device number 2 using ohci-pci
2026-03-30T23:04:31.282419+00:00 vboxuser-VirtualBox kernel: ahci 0000:00:0d.0: SSS flag set, parallel bus scan disabled
2026-03-30T23:04:31.282419+00:00 vboxuser-VirtualBox kernel: ahci 0000:00:0d.0: AHCI vers 0001.0100, 32 command slots, 3 Gbps, SATA mode
2026-03-30T23:04:31.282439+00:00 vboxuser-VirtualBox kernel: ahci 0000:00:0d.0: 1/1 ports implemented (port mask 0x1)
2026-03-30T23:04:31.282439+00:00 vboxuser-VirtualBox kernel: ahci 0000:00:0d.0: flags: 64bit ncq stag only ccc 
2026-03-30T23:04:31.282441+00:00 vboxuser-VirtualBox kernel: ACPI: video: Video Device [GFX0] (multi-head: yes  rom: no  post: no)
2026-03-30T23:04:31.282441+00:00 vboxuser-VirtualBox kernel: input: Video Bus as /devices/LNXSYSTM:00/LNXSYBUS:00/PNP0A03:00/LNXVIDEO:00/input/input5
2026-03-30T23:04:31.282441+00:00 vboxuser-VirtualBox kernel: input: ImExPS/2 Generic Explorer Mouse as /devices/platform/i8042/serio1/input/input4
2026-03-30T23:04:31.282442+00:00 vboxuser-VirtualBox kernel: scsi host2: ahci
2026-03-30T23:04:31.282442+00:00 vboxuser-VirtualBox kernel: ata3: SATA max UDMA/133 abar m8192@0xf0806000 port 0xf0806100 irq 21 lpm-pol 1
2026-03-30T23:04:31.282442+00:00 vboxuser-VirtualBox kernel: e1000 0000:00:03.0 eth0: (PCI:33MHz:32-bit) 08:00:27:be:41:20
2026-03-30T23:04:31.282444+00:00 vboxuser-VirtualBox kernel: e1000 0000:00:03.0 eth0: Intel(R) PRO/1000 Network Connection
2026-03-30T23:04:31.282444+00:00 vboxuser-VirtualBox kernel: usb 1-1: New USB device found, idVendor=80ee, idProduct=0021, bcdDevice= 1.00
2026-03-30T23:04:31.282444+00:00 vboxuser-VirtualBox kernel: usb 1-1: New USB device strings: Mfr=1, Product=3, SerialNumber=0
2026-03-30T23:04:31.282444+00:00 vboxuser-VirtualBox kernel: usb 1-1: Product: USB Tablet
2026-03-30T23:04:31.282445+00:00 vboxuser-VirtualBox kernel: usb 1-1: Manufacturer: VirtualBox
2026-03-30T23:04:31.282445+00:00 vboxuser-VirtualBox kernel: hid: raw HID events driver (C) Jiri Kosina
2026-03-30T23:04:31.282445+00:00 vboxuser-VirtualBox kernel: ata3: SATA link up 3.0 Gbps (SStatus 123 SControl 300)
2026-03-30T23:04:31.282446+00:00 vboxuser-VirtualBox kernel: ata3.00: ATA-6: VBOX HARDDISK, 1.0, max UDMA/133
2026-03-30T23:04:31.282447+00:00 vboxuser-VirtualBox kernel: ata3.00: 46684416 sectors, multi 128: LBA48 NCQ (depth 32)
2026-03-30T23:04:31.282447+00:00 vboxuser-VirtualBox kernel: ata3.00: configured for UDMA/133
2026-03-30T23:04:31.282447+00:00 vboxuser-VirtualBox kernel: scsi 2:0:0:0: Direct-Access     ATA      VBOX HARDDISK    1.0  PQ: 0 ANSI: 5
2026-03-30T23:04:31.282447+00:00 vboxuser-VirtualBox kernel: sd 2:0:0:0: [sda] 46684416 512-byte logical blocks: (23.9 GB/22.3 GiB)
2026-03-30T23:04:31.282448+00:00 vboxuser-VirtualBox kernel: sd 2:0:0:0: [sda] Write Protect is off
2026-03-30T23:04:31.282449+00:00 vboxuser-VirtualBox kernel: sd 2:0:0:0: [sda] Mode Sense: 00 3a 00 00
2026-03-30T23:04:31.282449+00:00 vboxuser-VirtualBox kernel: sd 2:0:0:0: [sda] Write cache: enabled, read cache: enabled, doesn't support DPO or FUA
2026-03-30T23:04:31.282450+00:00 vboxuser-VirtualBox kernel: sd 2:0:0:0: [sda] Preferred minimum I/O size 512 bytes
2026-03-30T23:04:31.282450+00:00 vboxuser-VirtualBox kernel: sd 2:0:0:0: Attached scsi generic sg1 type 0
2026-03-30T23:04:31.282450+00:00 vboxuser-VirtualBox kernel:  sda: sda1 sda2
2026-03-30T23:04:31.282450+00:00 vboxuser-VirtualBox kernel: sd 2:0:0:0: [sda] Attached SCSI disk
2026-03-30T23:04:31.282452+00:00 vboxuser-VirtualBox kernel: e1000 0000:00:03.0 enp0s3: renamed from eth0
2026-03-30T23:04:31.282452+00:00 vboxuser-VirtualBox kernel: usbcore: registered new interface driver usbhid
2026-03-30T23:04:31.282453+00:00 vboxuser-VirtualBox kernel: usbhid: USB HID core driver
2026-03-30T23:04:31.282453+00:00 vboxuser-VirtualBox kernel: input: VirtualBox USB Tablet as /devices/pci0000:00/0000:00:06.0/usb1/1-1/1-1:1.0/0003:80EE:0021.0001/input/input6
2026-03-30T23:04:31.282453+00:00 vboxuser-VirtualBox kernel: hid-generic 0003:80EE:0021.0001: input,hidraw0: USB HID v1.10 Mouse [VirtualBox USB Tablet] on usb-0000:00:06.0-1/input0
2026-03-30T23:04:31.282453+00:00 vboxuser-VirtualBox kernel: EXT4-fs (sda2): mounted filesystem c33166ca-5c40-43d2-967f-5bef9fd4a044 ro with ordered data mode. Quota mode: none.
2026-03-30T23:04:31.282455+00:00 vboxuser-VirtualBox kernel: systemd[1]: Inserted module 'autofs4'
2026-03-30T23:04:31.282455+00:00 vboxuser-VirtualBox kernel: systemd[1]: systemd 255.4-1ubuntu8.14 running in system mode (+PAM +AUDIT +SELINUX +APPARMOR +IMA +SMACK +SECCOMP +GCRYPT -GNUTLS +OPENSSL +ACL +BLKID +CURL +ELFUTILS +FIDO2 +IDN2 -IDN +IPTC +KMOD +LIBCRYPTSETUP +LIBFDISK +PCRE2 -PWQUALITY +P11KIT +QRENCODE +TPM2 +BZIP2 +LZ4 +XZ +ZLIB +ZSTD -BPF_FRAMEWORK -XKBCOMMON +UTMP +SYSVINIT default-hierarchy=unified)
2026-03-30T23:04:31.282456+00:00 vboxuser-VirtualBox kernel: systemd[1]: Detected virtualization oracle.
2026-03-30T23:04:31.282456+00:00 vboxuser-VirtualBox kernel: systemd[1]: Detected architecture x86-64.
2026-03-30T23:04:31.282456+00:00 vboxuser-VirtualBox kernel: systemd[1]: Invalid DMI field header.
2026-03-30T23:04:31.282456+00:00 vboxuser-VirtualBox kernel: systemd[1]: Hostname set to <vboxuser-VirtualBox>.
2026-03-30T23:04:31.282458+00:00 vboxuser-VirtualBox kernel: systemd[1]: Queued start job for default target graphical.target.
2026-03-30T23:04:31.282458+00:00 vboxuser-VirtualBox kernel: systemd[1]: Created slice system-modprobe.slice - Slice /system/modprobe.
2026-03-30T23:04:31.282458+00:00 vboxuser-VirtualBox kernel: systemd[1]: Created slice user.slice - User and Session Slice.
2026-03-30T23:04:31.282459+00:00 vboxuser-VirtualBox kernel: systemd[1]: Started systemd-ask-password-wall.path - Forward Password Requests to Wall Directory Watch.
2026-03-30T23:04:31.282459+00:00 vboxuser-VirtualBox kernel: systemd[1]: Set up automount proc-sys-fs-binfmt_misc.automount - Arbitrary Executable File Formats File System Automount Point.
2026-03-30T23:04:31.282459+00:00 vboxuser-VirtualBox kernel: systemd[1]: Reached target integritysetup.target - Local Integrity Protected Volumes.
2026-03-30T23:04:31.282460+00:00 vboxuser-VirtualBox kernel: systemd[1]: Reached target remote-fs.target - Remote File Systems.
2026-03-30T23:04:31.282461+00:00 vboxuser-VirtualBox kernel: systemd[1]: Reached target slices.target - Slice Units.
2026-03-30T23:04:31.282461+00:00 vboxuser-VirtualBox kernel: systemd[1]: Reached target snapd.mounts-pre.target - Mounting snaps.
2026-03-30T23:04:31.282461+00:00 vboxuser-VirtualBox kernel: systemd[1]: Reached target veritysetup.target - Local Verity Protected Volumes.
2026-03-30T23:04:31.282461+00:00 vboxuser-VirtualBox kernel: systemd[1]: Listening on syslog.socket - Syslog Socket.
2026-03-30T23:04:31.282462+00:00 vboxuser-VirtualBox kernel: systemd[1]: Listening on systemd-fsckd.socket - fsck to fsckd communication Socket.
2026-03-30T23:04:31.282463+00:00 vboxuser-VirtualBox kernel: systemd[1]: Listening on systemd-initctl.socket - initctl Compatibility Named Pipe.
2026-03-30T23:04:31.282464+00:00 vboxuser-VirtualBox kernel: systemd[1]: Listening on systemd-journald-dev-log.socket - Journal Socket (/dev/log).
2026-03-30T23:04:31.282464+00:00 vboxuser-VirtualBox kernel: systemd[1]: Listening on systemd-journald.socket - Journal Socket.
2026-03-30T23:04:31.282464+00:00 vboxuser-VirtualBox kernel: systemd[1]: Listening on systemd-oomd.socket - Userspace Out-Of-Memory (OOM) Killer Socket.
2026-03-30T23:04:31.282464+00:00 vboxuser-VirtualBox kernel: systemd[1]: systemd-pcrextend.socket - TPM2 PCR Extension (Varlink) was skipped because of an unmet condition check (ConditionSecurity=measured-uki).
2026-03-30T23:04:31.282465+00:00 vboxuser-VirtualBox kernel: systemd[1]: Listening on systemd-udevd-control.socket - udev Control Socket.
2026-03-30T23:04:31.282466+00:00 vboxuser-VirtualBox kernel: systemd[1]: Listening on systemd-udevd-kernel.socket - udev Kernel Socket.
2026-03-30T23:04:31.282467+00:00 vboxuser-VirtualBox kernel: systemd[1]: Mounting dev-hugepages.mount - Huge Pages File System...
2026-03-30T23:04:31.282467+00:00 vboxuser-VirtualBox kernel: systemd[1]: Mounting dev-mqueue.mount - POSIX Message Queue File System...
2026-03-30T23:04:31.282467+00:00 vboxuser-VirtualBox kernel: systemd[1]: Mounting sys-kernel-debug.mount - Kernel Debug File System...
2026-03-30T23:04:31.282467+00:00 vboxuser-VirtualBox kernel: systemd[1]: Mounting sys-kernel-tracing.mount - Kernel Trace File System...
2026-03-30T23:04:31.282467+00:00 vboxuser-VirtualBox kernel: systemd[1]: Starting systemd-journald.service - Journal Service...
2026-03-30T23:04:31.282468+00:00 vboxuser-VirtualBox kernel: systemd[1]: Starting keyboard-setup.service - Set the console keyboard layout...
2026-03-30T23:04:31.282469+00:00 vboxuser-VirtualBox kernel: systemd[1]: Starting kmod-static-nodes.service - Create List of Static Device Nodes...
2026-03-30T23:04:31.282469+00:00 vboxuser-VirtualBox kernel: systemd[1]: Starting modprobe@configfs.service - Load Kernel Module configfs...
2026-03-30T23:04:31.282470+00:00 vboxuser-VirtualBox kernel: systemd[1]: Starting modprobe@dm_mod.service - Load Kernel Module dm_mod...
2026-03-30T23:04:31.282470+00:00 vboxuser-VirtualBox kernel: systemd[1]: Starting modprobe@drm.service - Load Kernel Module drm...
2026-03-30T23:04:31.282470+00:00 vboxuser-VirtualBox kernel: systemd[1]: Starting modprobe@efi_pstore.service - Load Kernel Module efi_pstore...
2026-03-30T23:04:31.282470+00:00 vboxuser-VirtualBox kernel: systemd[1]: Starting modprobe@fuse.service - Load Kernel Module fuse...
2026-03-30T23:04:31.282472+00:00 vboxuser-VirtualBox kernel: systemd[1]: Starting modprobe@loop.service - Load Kernel Module loop...
2026-03-30T23:04:31.282472+00:00 vboxuser-VirtualBox kernel: systemd[1]: systemd-fsck-root.service - File System Check on Root Device was skipped because of an unmet condition check (ConditionPathExists=!/run/initramfs/fsck-root).
2026-03-30T23:04:31.282473+00:00 vboxuser-VirtualBox kernel: systemd[1]: Starting systemd-modules-load.service - Load Kernel Modules...
2026-03-30T23:04:31.282473+00:00 vboxuser-VirtualBox kernel: systemd[1]: systemd-pcrmachine.service - TPM2 PCR Machine ID Measurement was skipped because of an unmet condition check (ConditionSecurity=measured-uki).
2026-03-30T23:04:31.282473+00:00 vboxuser-VirtualBox kernel: systemd[1]: Starting systemd-remount-fs.service - Remount Root and Kernel File Systems...
2026-03-30T23:04:31.282473+00:00 vboxuser-VirtualBox kernel: systemd[1]: systemd-tpm2-setup-early.service - TPM2 SRK Setup (Early) was skipped because of an unmet condition check (ConditionSecurity=measured-uki).
2026-03-30T23:04:31.282475+00:00 vboxuser-VirtualBox kernel: systemd-journald[331]: Collecting audit messages is disabled.
2026-03-30T23:04:31.282475+00:00 vboxuser-VirtualBox kernel: systemd[1]: Starting systemd-udev-trigger.service - Coldplug All udev Devices...
2026-03-30T23:04:31.282475+00:00 vboxuser-VirtualBox kernel: systemd[1]: Mounted dev-hugepages.mount - Huge Pages File System.
2026-03-30T23:04:31.282475+00:00 vboxuser-VirtualBox kernel: systemd[1]: Mounted dev-mqueue.mount - POSIX Message Queue File System.
2026-03-30T23:04:31.282476+00:00 vboxuser-VirtualBox kernel: systemd[1]: Mounted sys-kernel-debug.mount - Kernel Debug File System.
2026-03-30T23:04:31.282476+00:00 vboxuser-VirtualBox kernel: systemd[1]: Mounted sys-kernel-tracing.mount - Kernel Trace File System.
2026-03-30T23:04:31.282477+00:00 vboxuser-VirtualBox kernel: systemd[1]: Finished kmod-static-nodes.service - Create List of Static Device Nodes.
2026-03-30T23:04:31.282478+00:00 vboxuser-VirtualBox kernel: systemd[1]: modprobe@configfs.service: Deactivated successfully.
